\BOOKMARK [1][-]{section.1}{\376\377\225\356\230\230\213\276\133\232\116\016\122\250\147\072}{}% 1
\BOOKMARK [2][-]{subsection.1.1}{\376\377\116\316\127\050\176\277\000\040\000R\000L\000\040\217\307\156\041\122\060\171\273\176\277\000\040\000R\000L}{section.1}% 2
\BOOKMARK [2][-]{subsection.1.2}{\376\377\116\072\116\300\116\110\211\201\120\132\171\273\176\277\000\040\000R\000L}{section.1}% 3
\BOOKMARK [2][-]{subsection.1.3}{\376\377\147\054\172\340\134\017\176\323}{section.1}% 4
\BOOKMARK [1][-]{section.2}{\376\377\171\273\176\277\000\040\000R\000L\000\040\166\204\150\070\137\303\126\360\226\276\377\032\122\006\136\003\120\117\171\373\116\016\217\307\117\060\213\241}{}% 5
\BOOKMARK [2][-]{subsection.2.1}{\376\377\116\072\116\300\116\110\166\364\143\245\131\127\165\050\000\040\000o\000f\000f\000-\000p\000o\000l\000i\000c\000y\000\040\145\271\154\325\117\032\121\372\225\356\230\230}{section.2}% 6
\BOOKMARK [2][-]{subsection.2.2}{\376\377\217\307\117\060\213\241\146\057\131\202\117\125\137\142\142\020\166\204}{section.2}% 7
\BOOKMARK [2][-]{subsection.2.3}{\376\377\116\072\116\300\116\110\217\331\124\214\152\041\116\377\133\146\116\140\116\015\124\014}{section.2}% 8
\BOOKMARK [2][-]{subsection.2.4}{\376\377\147\054\172\340\134\017\176\323}{section.2}% 9
\BOOKMARK [1][-]{section.3}{\376\377\116\316\122\240\147\103\152\041\116\377\122\060\226\220\137\017\173\126\165\145\176\246\147\137}{}% 10
\BOOKMARK [2][-]{subsection.3.1}{\376\377\121\110\116\316\152\041\116\377\133\146\116\140\121\372\123\321}{section.3}% 11
\BOOKMARK [2][-]{subsection.3.2}{\376\377\000A\000W\000R\000\040\166\204\121\163\225\056\164\366\230\210\377\032\117\030\122\277\121\375\145\160\116\316\124\352\147\145}{section.3}% 12
\BOOKMARK [2][-]{subsection.3.3}{\376\377\000I\000Q\000L\377\032\123\352\127\050\145\160\143\156\122\250\117\134\116\012\133\146\116\140\377\014\117\106\142\212\116\367\120\074\133\146\137\227\146\364\116\120\211\302}{section.3}% 13
\BOOKMARK [2][-]{subsection.3.4}{\376\377\116\072\116\300\116\110\000\040\000I\000Q\000L\000\040\166\204\116\015\133\371\171\360\143\137\131\061\165\050\127\050\000\040\000V\000\040\200\014\116\015\146\057\000\040\000Q}{section.3}% 14
\BOOKMARK [2][-]{subsection.3.5}{\376\377\147\054\172\340\134\017\176\323}{section.3}% 15
\BOOKMARK [1][-]{section.4}{\376\377\117\335\133\210\145\271\154\325\377\032\000C\000o\000n\000s\000e\000r\000v\000a\000t\000i\000v\000e\000\040\000Q\000-\000L\000e\000a\000r\000n\000i\000n\000g}{}% 16
\BOOKMARK [2][-]{subsection.4.1}{\376\377\117\335\133\210\140\035\140\363\377\032\116\073\122\250\123\213\117\116\145\160\143\156\131\026\122\250\117\134\166\204\116\367\120\074}{section.4}% 17
\BOOKMARK [2][-]{subsection.4.2}{\376\377\000C\000Q\000L\000\040\166\204\166\356\150\007\121\375\145\160\140\016\150\067\164\006\211\343}{section.4}% 18
\BOOKMARK [2][-]{subsection.4.3}{\376\377\000C\000Q\000L\000\040\116\016\000\040\000I\000Q\000L\000\040\166\204\122\006\135\345}{section.4}% 19
\BOOKMARK [2][-]{subsection.4.4}{\376\377\147\054\172\340\134\017\176\323}{section.4}% 20
\BOOKMARK [1][-]{section.5}{\376\377\136\224\165\050\150\110\117\213\116\016\133\236\215\365\220\011\142\351}{}% 21
\BOOKMARK [2][-]{subsection.5.1}{\376\377\000L\000i\000n\000k\000e\000d\000I\000n\000\040\220\032\167\345\117\030\123\026\150\110\117\213}{section.5}% 22
\BOOKMARK [2][-]{subsection.5.2}{\376\377\173\227\154\325\220\011\127\213\136\372\213\256}{section.5}% 23
\BOOKMARK [2][-]{subsection.5.3}{\376\377\147\054\172\340\134\017\176\323}{section.5}% 24
\BOOKMARK [1][-]{section.6}{\376\377\140\073\176\323\116\016\136\366\117\070}{}% 25
