\BOOKMARK [1][-]{section.1}{\376\377\116\316\143\250\164\006\152\041\127\213\122\060\000\040\000A\000g\000e\000n\000t\000i\000c\000\040\000L\000L\000M\377\032\225\356\230\230\116\072\116\300\116\110\123\321\165\037\116\206\123\330\123\026}{}% 1
\BOOKMARK [2][-]{subsection.1.1}{\376\377\147\054\172\340\134\017\176\323}{section.1}% 2
\BOOKMARK [1][-]{section.2}{\376\377\000R\000A\000G\377\032\142\212\227\131\140\001\213\355\212\000\152\041\127\213\143\245\122\060\122\250\140\001\167\345\213\306\136\223}{}% 3
\BOOKMARK [2][-]{subsection.2.1}{\376\377\116\072\116\300\116\110\227\000\211\201\000\040\000R\000A\000G}{section.2}% 4
\BOOKMARK [2][-]{subsection.2.2}{\376\377\000R\000A\000G\000\040\166\204\116\011\153\145\135\345\117\134\155\101}{section.2}% 5
\BOOKMARK [2][-]{subsection.2.3}{\376\377\167\345\213\306\136\223\147\204\136\372\116\016\120\031\220\011\123\354\126\336}{section.2}% 6
\BOOKMARK [2][-]{subsection.2.4}{\376\377\221\315\143\222\136\217\060\001\174\276\136\246\143\320\123\107\116\016\150\300\175\042\213\304\155\113}{section.2}% 7
\BOOKMARK [2][-]{subsection.2.5}{\376\377\147\054\172\340\134\017\176\323}{section.2}% 8
\BOOKMARK [1][-]{section.3}{\376\377\000T\000o\000o\000l\000\040\000C\000a\000l\000l\000i\000n\000g\377\032\213\251\152\041\127\213\116\015\116\305\117\032\213\364\377\014\217\330\200\375\122\250\142\113}{}% 9
\BOOKMARK [2][-]{subsection.3.1}{\376\377\116\316\227\136\176\323\147\204\123\026\000\040\000R\000A\000G\000\040\122\060\176\323\147\204\123\026\000\040\000A\000P\000I}{section.3}% 10
\BOOKMARK [2][-]{subsection.3.2}{\376\377\131\202\117\125\142\212\135\345\121\167\146\264\227\062\176\331\152\041\127\213}{section.3}% 11
\BOOKMARK [2][-]{subsection.3.3}{\376\377\135\345\121\167\166\204\121\170\127\213\165\050\220\024\116\016\142\151\134\125\225\356\230\230}{section.3}% 12
\BOOKMARK [2][-]{subsection.3.4}{\376\377\150\007\121\306\123\026\123\117\213\256\377\032\000M\000C\000P\000\040\166\204\141\017\116\111}{section.3}% 13
\BOOKMARK [2][-]{subsection.3.5}{\376\377\147\054\172\340\134\017\176\323}{section.3}% 14
\BOOKMARK [1][-]{section.4}{\376\377\000A\000g\000e\000n\000t\000s\377\032\142\212\131\032\153\041\140\035\200\003\060\001\214\003\165\050\116\016\211\302\133\337\116\062\142\020\225\355\163\257}{}% 15
\BOOKMARK [2][-]{subsection.4.1}{\376\377\116\300\116\110\123\353\000\040\000a\000g\000e\000n\000t\377\014\200\014\116\015\116\305\116\305\146\057\131\032\135\345\121\167\214\003\165\050}{section.4}% 16
\BOOKMARK [2][-]{subsection.4.2}{\376\377\000R\000e\000A\000c\000t\377\032\000R\000e\000a\000s\000o\000n\000\040\000+\000\040\000A\000c\000t}{section.4}% 17
\BOOKMARK [2][-]{subsection.4.3}{\376\377\131\032\000\040\000a\000g\000e\000n\000t\000\040\123\117\117\134\060\001\000A\0002\000A\000\040\116\016\133\211\121\150}{section.4}% 18
\BOOKMARK [2][-]{subsection.4.4}{\376\377\133\371\133\236\215\365\200\005\166\204\147\000\124\016\136\372\213\256}{section.4}% 19
\BOOKMARK [2][-]{subsection.4.5}{\376\377\147\054\172\340\134\017\176\323}{section.4}% 20
\BOOKMARK [1][-]{section.5}{\376\377\140\073\176\323\116\016\136\366\117\070}{}% 21
