\BOOKMARK [1][-]{section.1}{\376\377\116\300\116\110\146\057\000\040\000L\000L\000M\377\032\133\232\116\111\060\001\134\072\136\246\116\016\116\073\136\162\176\323\147\204}{}% 1
\BOOKMARK [2][-]{subsection.1.1}{\376\377\147\054\172\340\134\017\176\323}{section.1}% 2
\BOOKMARK [1][-]{section.2}{\376\377\000M\000o\000E\377\032\116\072\116\300\116\110\116\015\137\305\153\317\153\041\220\375\157\300\155\073\121\150\220\350\123\302\145\160}{}% 3
\BOOKMARK [2][-]{subsection.2.1}{\376\377\116\316\040\034\142\100\147\011\123\302\145\160\116\000\215\167\173\227\040\035\122\060\040\034\123\352\220\011\220\350\122\006\116\023\133\266\040\035}{section.2}% 4
\BOOKMARK [2][-]{subsection.2.2}{\376\377\000D\000e\000n\000s\000e\000\040\000M\000o\000E\000\040\116\016\000\040\000S\000p\000a\000r\000s\000e\000\040\000M\000o\000E}{section.2}% 5
\BOOKMARK [2][-]{subsection.2.3}{\376\377\000M\000o\000E\000\040\145\076\127\050\000\040\000T\000r\000a\000n\000s\000f\000o\000r\000m\000e\000r\000\040\166\204\124\352\221\314}{section.2}% 6
\BOOKMARK [2][-]{subsection.2.4}{\376\377\215\357\165\061\130\114\177\051\116\016\215\037\217\175\127\107\210\141}{section.2}% 7
\BOOKMARK [2][-]{subsection.2.5}{\376\377\147\054\172\340\134\017\176\323}{section.2}% 8
\BOOKMARK [1][-]{section.3}{\376\377\116\316\000\040\000n\000e\000x\000t\000-\000t\000o\000k\000e\000n\000\040\000p\000r\000e\000d\000i\000c\000t\000i\000o\000n\000\040\122\060\121\167\117\123\211\343\170\001\173\126\165\145}{}% 9
\BOOKMARK [2][-]{subsection.3.1}{\376\377\213\355\212\000\152\041\127\213\167\037\153\143\133\146\122\060\166\204\146\057\116\300\116\110}{section.3}% 10
\BOOKMARK [2][-]{subsection.3.2}{\376\377\000G\000r\000e\000e\000d\000y\000\040\000d\000e\000c\000o\000d\000i\000n\000g\000\040\116\016\000\040\000B\000e\000a\000m\000\040\000s\000e\000a\000r\000c\000h}{section.3}% 11
\BOOKMARK [2][-]{subsection.3.3}{\376\377\000S\000a\000m\000p\000l\000i\000n\000g\060\001\000T\000o\000p\000-\000k\000\040\116\016\000\040\000T\000o\000p\000-\000p}{section.3}% 12
\BOOKMARK [2][-]{subsection.3.4}{\376\377\000T\000e\000m\000p\000e\000r\000a\000t\000u\000r\000e\000\040\116\016\000\040\000g\000u\000i\000d\000e\000d\000\040\000d\000e\000c\000o\000d\000i\000n\000g}{section.3}% 13
\BOOKMARK [2][-]{subsection.3.5}{\376\377\147\054\172\340\134\017\176\323}{section.3}% 14
\BOOKMARK [1][-]{section.4}{\376\377\116\012\116\013\145\207\172\227\123\343\116\016\143\320\171\072\173\126\165\145\377\032\116\316\000\040\000I\000C\000L\000\040\122\060\000\040\000C\000o\000T}{}% 15
\BOOKMARK [2][-]{subsection.4.1}{\376\377\000C\000o\000n\000t\000e\000x\000t\000\040\000l\000e\000n\000g\000t\000h\000\040\116\015\123\352\146\057\116\000\116\052\145\160\133\127}{section.4}% 16
\BOOKMARK [2][-]{subsection.4.2}{\376\377\000I\000n\000-\000C\000o\000n\000t\000e\000x\000t\000\040\000L\000e\000a\000r\000n\000i\000n\000g}{section.4}% 17
\BOOKMARK [2][-]{subsection.4.3}{\376\377\000C\000h\000a\000i\000n\000\040\000o\000f\000\040\000T\000h\000o\000u\000g\000h\000t\000\040\116\016\000\040\000S\000e\000l\000f\000-\000C\000o\000n\000s\000i\000s\000t\000e\000n\000c\000y}{section.4}% 18
\BOOKMARK [2][-]{subsection.4.4}{\376\377\147\054\172\340\134\017\176\323}{section.4}% 19
\BOOKMARK [1][-]{section.5}{\376\377\143\250\164\006\117\030\123\026\377\032\000K\000V\000\040\000c\000a\000c\000h\000e\060\001\000P\000a\000g\000e\000d\000A\000t\000t\000e\000n\000t\000i\000o\000n\000\040\116\016\146\364\137\353\211\343\170\001}{}% 20
\BOOKMARK [2][-]{subsection.5.1}{\376\377\116\072\116\300\116\110\143\250\164\006\117\032\141\142}{section.5}% 21
\BOOKMARK [2][-]{subsection.5.2}{\376\377\217\333\116\000\153\145\123\213\177\051\000\040\000K\000V\000\040\166\204\133\130\120\250\142\020\147\054}{section.5}% 22
\BOOKMARK [2][-]{subsection.5.3}{\376\377\000S\000p\000e\000c\000u\000l\000a\000t\000i\000v\000e\000\040\000d\000e\000c\000o\000d\000i\000n\000g\000\040\116\016\000\040\000M\000u\000l\000t\000i\000-\000T\000o\000k\000e\000n\000\040\000P\000r\000e\000d\000i\000c\000t\000i\000o\000n}{section.5}% 23
\BOOKMARK [2][-]{subsection.5.4}{\376\377\147\054\172\340\134\017\176\323}{section.5}% 24
\BOOKMARK [1][-]{section.6}{\376\377\140\073\176\323\116\016\136\366\117\070}{}% 25
