\BOOKMARK [1][-]{section.1}{\376\377\213\376\172\013\133\374\137\025\116\016\000\040\000N\000L\000P\000\040\116\373\122\241\126\376\214\061}{}% 1
\BOOKMARK [2][-]{subsection.1.1}{\376\377\147\054\172\340\134\017\176\323}{section.1}% 2
\BOOKMARK [1][-]{section.2}{\376\377\116\316\122\006\213\315\122\060\213\315\124\021\221\317\377\032\171\273\145\143\145\207\147\054\131\202\117\125\217\333\121\145\171\136\176\317\177\121\176\334}{}% 3
\BOOKMARK [2][-]{subsection.2.1}{\376\377\122\006\213\315\166\204\116\011\171\315\127\372\147\054\174\222\136\246}{section.2}% 4
\BOOKMARK [2][-]{subsection.2.2}{\376\377\116\316\000\040\000o\000n\000e\000-\000h\000o\000t\000\040\122\060\213\355\116\111\124\021\221\317}{section.2}% 5
\BOOKMARK [2][-]{subsection.2.3}{\376\377\147\054\172\340\134\017\176\323}{section.2}% 6
\BOOKMARK [1][-]{section.3}{\376\377\000T\000r\000a\000n\000s\000f\000o\000r\000m\000e\000r\000\040\116\113\122\115\377\032\000R\000N\000N\060\001\000L\000S\000T\000M\000\040\116\016\154\350\141\017\122\233\166\204\122\250\147\072}{}% 7
\BOOKMARK [2][-]{subsection.3.1}{\376\377\000R\000N\000N\377\032\230\172\136\217\131\004\164\006\136\046\147\145\166\204\116\012\116\013\145\207\141\037\167\345}{section.3}% 8
\BOOKMARK [2][-]{subsection.3.2}{\376\377\000L\000S\000T\000M\377\032\133\371\225\177\147\037\117\235\215\126\166\204\135\345\172\013\117\356\210\145}{section.3}% 9
\BOOKMARK [2][-]{subsection.3.3}{\376\377\154\350\141\017\122\233\116\072\117\125\142\020\116\072\217\154\142\230\160\271}{section.3}% 10
\BOOKMARK [2][-]{subsection.3.4}{\376\377\147\054\172\340\134\017\176\323}{section.3}% 11
\BOOKMARK [1][-]{section.4}{\376\377\201\352\154\350\141\017\122\233\147\072\122\066\377\032\213\251\142\100\147\011\000\040\000t\000o\000k\000e\000n\000\040\166\364\143\245\166\370\116\222\117\134\165\050}{}% 12
\BOOKMARK [2][-]{subsection.4.1}{\376\377\000Q\000u\000e\000r\000y\060\001\000K\000e\000y\060\001\000V\000a\000l\000u\000e\000\040\166\204\211\322\202\162\122\006\135\345}{section.4}% 13
\BOOKMARK [2][-]{subsection.4.2}{\376\377\154\350\141\017\122\233\121\154\137\017\116\016\124\053\116\111}{section.4}% 14
\BOOKMARK [2][-]{subsection.4.3}{\376\377\131\032\131\064\154\350\141\017\122\233\166\204\141\017\116\111}{section.4}% 15
\BOOKMARK [2][-]{subsection.4.4}{\376\377\147\054\172\340\134\017\176\323}{section.4}% 16
\BOOKMARK [1][-]{section.5}{\376\377\000T\000r\000a\000n\000s\000f\000o\000r\000m\000e\000r\000\040\147\266\147\204\377\032\116\316\217\223\121\145\122\060\177\373\213\321\217\223\121\372\166\204\133\214\145\164\145\160\143\156\155\101}{}% 17
\BOOKMARK [2][-]{subsection.5.1}{\376\377\217\223\121\145\117\247\377\032\000t\000o\000k\000e\000n\000\040\000e\000m\000b\000e\000d\000d\000i\000n\000g\000\040\122\240\117\115\177\156\177\026\170\001}{section.5}% 18
\BOOKMARK [2][-]{subsection.5.2}{\376\377\177\026\170\001\126\150\116\016\211\343\170\001\126\150\124\004\120\132\116\300\116\110}{section.5}% 19
\BOOKMARK [2][-]{subsection.5.3}{\376\377\116\072\116\300\116\110\227\000\211\201\000\040\000m\000a\000s\000k\000e\000d\000\040\000s\000e\000l\000f\000-\000a\000t\000t\000e\000n\000t\000i\000o\000n\000\040\116\016\000\040\000c\000r\000o\000s\000s\000-\000a\000t\000t\000e\000n\000t\000i\000o\000n}{section.5}% 20
\BOOKMARK [2][-]{subsection.5.4}{\376\377\213\241\173\227\142\200\135\347\116\016\213\255\176\303\176\306\202\202}{section.5}% 21
\BOOKMARK [2][-]{subsection.5.5}{\376\377\165\037\142\020\217\307\172\013\166\204\225\355\163\257}{section.5}% 22
\BOOKMARK [2][-]{subsection.5.6}{\376\377\147\054\172\340\134\017\176\323}{section.5}% 23
\BOOKMARK [1][-]{section.6}{\376\377\140\073\176\323\116\016\136\366\117\070}{}% 24
