\BOOKMARK [1][-]{section.1}{\376\377\213\376\172\013\133\232\117\115\116\016\147\054\213\262\133\146\116\140\166\356\150\007}{}% 1
\BOOKMARK [2][-]{subsection.1.1}{\376\377\213\376\172\013\140\363\213\251\133\146\165\037\203\267\137\227\116\300\116\110\200\375\122\233}{section.1}% 2
\BOOKMARK [2][-]{subsection.1.2}{\376\377\213\376\172\013\176\304\176\307\060\001\215\104\156\220\116\016\117\134\116\032\133\211\143\222}{section.1}% 3
\BOOKMARK [2][-]{subsection.1.3}{\376\377\147\054\213\262\166\204\142\200\147\057\133\146\116\140\166\356\150\007}{section.1}% 4
\BOOKMARK [2][-]{subsection.1.4}{\376\377\147\054\172\340\134\017\176\323}{section.1}% 5
\BOOKMARK [1][-]{section.2}{\376\377\116\072\116\300\116\110\211\201\133\146\155\361\136\246\137\072\123\026\133\146\116\140}{}% 6
\BOOKMARK [2][-]{subsection.2.1}{\376\377\215\205\215\212\166\321\167\143\133\146\116\140\377\032\230\204\155\113\117\032\145\071\123\330\147\052\147\145}{section.2}% 7
\BOOKMARK [2][-]{subsection.2.2}{\376\377\136\224\165\050\227\142\136\177\377\032\116\316\147\072\126\150\116\272\122\060\000\040\000L\000L\000M}{section.2}% 8
\BOOKMARK [2][-]{subsection.2.3}{\376\377\116\316\146\172\200\375\211\306\211\322\164\006\211\343\000\040\000R\000L}{section.2}% 9
\BOOKMARK [2][-]{subsection.2.4}{\376\377\137\000\145\076\170\024\172\166\225\356\230\230\116\315\161\066\137\210\131\032}{section.2}% 10
\BOOKMARK [2][-]{subsection.2.5}{\376\377\147\054\172\340\134\017\176\323}{section.2}% 11
\BOOKMARK [1][-]{section.3}{\376\377\131\202\117\125\142\212\210\114\116\072\121\231\142\020\145\160\143\156\377\032\162\266\140\001\060\001\211\302\155\113\060\001\122\250\117\134\060\001\217\150\217\371\116\016\131\126\122\261}{}% 12
\BOOKMARK [2][-]{subsection.3.1}{\376\377\230\172\136\217\121\263\173\126\225\356\230\230\166\204\147\000\134\017\213\315\154\107\210\150}{section.3}% 13
\BOOKMARK [2][-]{subsection.3.2}{\376\377\162\266\140\001\116\016\211\302\155\113\377\032\000M\000a\000r\000k\000o\000v\000\040\140\047\215\050\116\072\117\125\221\315\211\201}{section.3}% 14
\BOOKMARK [2][-]{subsection.3.3}{\376\377\217\150\217\371\116\016\131\126\122\261\377\032\116\316\123\125\153\145\122\044\145\255\215\160\124\021\225\177\147\037\145\110\147\234}{section.3}% 15
\BOOKMARK [2][-]{subsection.3.4}{\376\377\173\126\165\145\377\032\140\016\150\067\165\050\171\136\176\317\177\121\176\334\210\150\171\072\210\114\116\072}{section.3}% 16
\BOOKMARK [2][-]{subsection.3.5}{\376\377\147\054\172\340\134\017\176\323}{section.3}% 17
\BOOKMARK [1][-]{section.4}{\376\377\137\072\123\026\133\146\116\140\166\204\166\356\150\007\121\375\145\160\116\016\173\227\154\325\162\110\126\376}{}% 18
\BOOKMARK [2][-]{subsection.4.1}{\376\377\225\177\147\037\166\356\150\007\377\032\147\000\131\047\123\026\147\037\147\033\175\057\213\241\131\126\122\261}{section.4}% 19
\BOOKMARK [2][-]{subsection.4.2}{\376\377\116\072\116\300\116\110\136\070\136\070\227\000\211\201\226\217\147\072\173\126\165\145}{section.4}% 20
\BOOKMARK [2][-]{subsection.4.3}{\376\377\173\227\154\325\174\173\127\213\377\032\213\376\172\013\143\245\116\013\147\145\117\032\215\160\124\352\121\340\147\141\176\277}{section.4}% 21
\BOOKMARK [2][-]{subsection.4.4}{\376\377\147\054\172\340\134\017\176\323}{section.4}% 22
\BOOKMARK [1][-]{section.5}{\376\377\140\073\176\323\116\016\136\366\117\070}{}% 23
