\BOOKMARK [1][-]{section.1}{\376\377\116\316\213\355\212\000\152\041\127\213\122\060\122\251\142\113\377\032\225\356\230\230\172\166\172\337\127\050\124\352\221\314}{}% 1
\BOOKMARK [2][-]{subsection.1.1}{\376\377\230\204\213\255\176\303\135\362\176\317\133\146\122\060\116\206\137\210\131\032\377\014\117\106\217\330\116\015\173\111\116\216\040\034\117\032\136\056\122\251\165\050\142\067\040\035}{section.1}% 2
\BOOKMARK [2][-]{subsection.1.2}{\376\377\230\204\213\255\176\303\000/\137\256\214\003\203\003\137\017\166\204\127\372\147\054\137\142\162\266}{section.1}% 3
\BOOKMARK [2][-]{subsection.1.3}{\376\377\147\054\172\340\134\017\176\323}{section.1}% 4
\BOOKMARK [1][-]{section.2}{\376\377\000I\000n\000s\000t\000r\000u\000c\000t\000i\000o\000n\000\040\000F\000i\000n\000e\000t\000u\000n\000i\000n\000g\377\032\121\110\142\212\152\041\127\213\123\330\142\020\117\032\124\054\143\007\116\344\166\204\174\373\176\337}{}% 5
\BOOKMARK [2][-]{subsection.2.1}{\376\377\116\072\116\300\116\110\227\000\211\201\000\040\000i\000n\000s\000t\000r\000u\000c\000t\000i\000o\000n\000\040\000t\000u\000n\000i\000n\000g}{section.2}% 6
\BOOKMARK [2][-]{subsection.2.2}{\376\377\133\203\166\204\213\255\176\303\145\271\137\017\121\166\133\236\137\210\173\200\123\125}{section.2}% 7
\BOOKMARK [2][-]{subsection.2.3}{\376\377\116\072\116\300\116\110\000\040\000S\000F\000T\000\040\116\315\161\066\116\015\131\037}{section.2}% 8
\BOOKMARK [2][-]{subsection.2.4}{\376\377\147\054\172\340\134\017\176\323}{section.2}% 9
\BOOKMARK [1][-]{section.3}{\376\377\000R\000L\000H\000F\377\032\142\212\116\272\174\173\120\117\131\175\123\330\142\020\123\357\117\030\123\026\166\356\150\007}{}% 10
\BOOKMARK [2][-]{subsection.3.1}{\376\377\120\117\131\175\166\321\167\143\166\204\127\372\147\054\213\276\133\232}{section.3}% 11
\BOOKMARK [2][-]{subsection.3.2}{\376\377\000r\000e\000w\000a\000r\000d\000\040\000m\000o\000d\000e\000l\000\040\116\016\166\356\150\007\121\375\145\160}{section.3}% 12
\BOOKMARK [2][-]{subsection.3.3}{\376\377\116\072\116\300\116\110\000\040\000r\000e\000w\000a\000r\000d\000\040\000m\000o\000d\000e\000l\000\040\123\357\137\256\377\014\117\106\116\315\161\066\211\201\120\132\000\040\000R\000L}{section.3}% 13
\BOOKMARK [2][-]{subsection.3.4}{\376\377\116\072\116\300\116\110\211\201\122\240\000\040\000K\000L\000\040\176\246\147\137}{section.3}% 14
\BOOKMARK [2][-]{subsection.3.5}{\376\377\120\117\131\175\145\160\143\156\147\054\216\253\116\137\137\210\124\065}{section.3}% 15
\BOOKMARK [2][-]{subsection.3.6}{\376\377\147\054\172\340\134\017\176\323}{section.3}% 16
\BOOKMARK [1][-]{section.4}{\376\377\000D\000P\000O\377\032\166\364\143\245\116\316\120\117\131\175\145\160\143\156\117\030\123\026\173\126\165\145}{}% 17
\BOOKMARK [2][-]{subsection.4.1}{\376\377\116\072\116\300\116\110\211\201\173\200\123\026\000\040\000R\000L\000H\000F}{section.4}% 18
\BOOKMARK [2][-]{subsection.4.2}{\376\377\000K\000L\000\040\176\246\147\137\166\356\150\007\166\204\225\355\137\017\211\343}{section.4}% 19
\BOOKMARK [2][-]{subsection.4.3}{\376\377\000D\000P\000O\000\040\166\204\147\000\176\310\143\137\131\061}{section.4}% 20
\BOOKMARK [2][-]{subsection.4.4}{\376\377\000D\000P\000O\000\040\116\016\000\040\000R\000L\000H\000F\000\040\166\204\121\163\174\373}{section.4}% 21
\BOOKMARK [2][-]{subsection.4.5}{\376\377\176\317\232\214\176\323\147\234\116\016\171\076\123\072\137\161\124\315}{section.4}% 22
\BOOKMARK [2][-]{subsection.4.6}{\376\377\147\054\172\340\134\017\176\323}{section.4}% 23
\BOOKMARK [1][-]{section.5}{\376\377\134\100\226\120\140\047\116\016\147\052\211\343\225\356\230\230}{}% 24
\BOOKMARK [2][-]{subsection.5.1}{\376\377\131\126\122\261\152\041\127\213\124\214\120\117\131\175\220\375\116\015\146\057\176\310\160\271}{section.5}% 25
\BOOKMARK [2][-]{subsection.5.2}{\376\377\145\160\143\156\145\066\226\306\116\016\116\073\122\250\220\011\142\351\116\315\146\057\226\276\160\271}{section.5}% 26
\BOOKMARK [2][-]{subsection.5.3}{\376\377\227\142\124\021\146\364\131\015\147\102\120\117\131\175\166\204\147\052\147\145}{section.5}% 27
\BOOKMARK [2][-]{subsection.5.4}{\376\377\147\054\172\340\134\017\176\323}{section.5}% 28
\BOOKMARK [1][-]{section.6}{\376\377\140\073\176\323\116\016\136\366\117\070}{}% 29
