\BOOKMARK [1][-]{section.1}{\376\377\000M\000o\000d\000e\000l\000-\000B\000a\000s\000e\000d\000\040\000R\000L\000\040\166\204\150\070\137\303\225\356\230\230\377\032\200\375\116\015\200\375\121\110\133\146\116\000\116\052\116\026\165\114\152\041\127\213}{}% 1
\BOOKMARK [2][-]{subsection.1.1}{\376\377\116\000\116\052\147\000\127\372\170\100\166\204\000\040\000l\000e\000a\000r\000n\000e\000d\000\040\000s\000i\000m\000u\000l\000a\000t\000o\000r\000\040\000p\000i\000p\000e\000l\000i\000n\000e}{section.1}% 2
\BOOKMARK [2][-]{subsection.1.2}{\376\377\147\054\172\340\134\017\176\323}{section.1}% 3
\BOOKMARK [1][-]{section.2}{\376\377\173\054\116\000\147\141\215\357\377\032\127\050\152\041\127\213\221\314\166\364\143\245\211\304\122\022}{}% 4
\BOOKMARK [2][-]{subsection.2.1}{\376\377\142\212\122\250\117\134\136\217\122\027\137\123\117\134\117\030\123\026\123\330\221\317}{section.2}% 5
\BOOKMARK [2][-]{subsection.2.2}{\376\377\150\257\136\246\154\325\116\016\221\307\150\067\154\325\166\204\135\356\137\002}{section.2}% 6
\BOOKMARK [2][-]{subsection.2.3}{\376\377\147\054\172\340\134\017\176\323}{section.2}% 7
\BOOKMARK [1][-]{section.3}{\376\377\116\072\116\300\116\110\166\364\143\245\211\304\122\022\117\032\131\061\215\045\377\014\116\345\123\312\000\040\000M\000P\000C\000\040\131\202\117\125\210\145\145\121}{}% 8
\BOOKMARK [2][-]{subsection.3.1}{\376\377\145\160\143\156\122\006\136\003\131\061\221\115\117\032\213\251\152\041\127\213\127\050\121\163\225\056\123\072\127\337\131\061\167\037}{section.3}% 9
\BOOKMARK [2][-]{subsection.3.2}{\376\377\000o\000p\000e\000n\000-\000l\000o\000o\000p\000\040\116\072\116\300\116\110\201\006\137\061}{section.3}% 10
\BOOKMARK [2][-]{subsection.3.3}{\376\377\000M\000P\000C\377\032\000p\000l\000a\000n\000n\000i\000n\000g\000\040\116\137\211\201\225\355\163\257}{section.3}% 11
\BOOKMARK [2][-]{subsection.3.4}{\376\377\147\054\172\340\134\017\176\323}{section.3}% 12
\BOOKMARK [1][-]{section.4}{\376\377\173\054\116\214\147\141\215\357\377\032\116\015\165\050\152\041\127\213\166\364\143\245\121\263\173\126\377\014\200\014\146\057\165\050\152\041\127\213\142\151\121\105\145\160\143\156}{}% 13
\BOOKMARK [2][-]{subsection.4.1}{\376\377\116\072\116\300\116\110\000\040\000i\000m\000a\000g\000i\000n\000e\000d\000\040\000r\000o\000l\000l\000o\000u\000t\000s\000\040\146\364\133\236\165\050}{section.4}% 14
\BOOKMARK [2][-]{subsection.4.2}{\376\377\116\300\116\110\145\366\120\031\000\040\000m\000o\000d\000e\000l\000-\000b\000a\000s\000e\000d\000\040\120\074\137\227\120\132}{section.4}% 15
\BOOKMARK [2][-]{subsection.4.3}{\376\377\147\054\172\340\134\017\176\323}{section.4}% 16
\BOOKMARK [1][-]{section.5}{\376\377\150\110\117\213\377\032\160\165\135\347\142\113\144\315\143\247\116\072\116\300\116\110\220\002\124\010\120\132\000\040\000m\000o\000d\000e\000l\000-\000b\000a\000s\000e\000d\000\040\000R\000L}{}% 17
\BOOKMARK [2][-]{subsection.5.1}{\376\377\116\373\122\241\133\232\116\111\116\016\116\072\116\300\116\110\133\203\146\057\131\175\150\110\117\213}{section.5}% 18
\BOOKMARK [2][-]{subsection.5.2}{\376\377\116\072\116\300\116\110\000\040\000e\000n\000s\000e\000m\000b\000l\000e\000\040\124\214\145\071\220\040\162\110\000\040\000C\000E\000M\000\040\147\011\136\056\122\251}{section.5}% 19
\BOOKMARK [2][-]{subsection.5.3}{\376\377\167\037\133\236\116\026\165\114\220\350\177\162\213\364\146\016\116\206\116\300\116\110}{section.5}% 20
\BOOKMARK [2][-]{subsection.5.4}{\376\377\147\054\172\340\134\017\176\323}{section.5}% 21
\BOOKMARK [1][-]{section.6}{\376\377\140\073\176\323\116\016\136\366\117\070}{}% 22
