\BOOKMARK [1][-]{section.1}{\376\377\116\316\000\040\000M\000D\000P\000\040\122\060\000\040\000Q\000\040\121\375\145\160\377\032\000Q\000-\000L\000e\000a\000r\000n\000i\000n\000g\000\040\127\050\211\343\116\300\116\110\225\356\230\230}{}% 1
\BOOKMARK [2][-]{subsection.1.1}{\376\377\000V\000a\000l\000u\000e\060\001\000Q\000-\000v\000a\000l\000u\000e\000\040\116\016\000\040\000A\000d\000v\000a\000n\000t\000a\000g\000e\000\040\166\204\121\163\174\373}{section.1}% 2
\BOOKMARK [2][-]{subsection.1.2}{\376\377\147\054\172\340\134\017\176\323}{section.1}% 3
\BOOKMARK [1][-]{section.2}{\376\377\000T\000a\000b\000u\000l\000a\000r\000\040\127\072\146\157\116\055\166\204\000\040\000B\000e\000l\000l\000m\000a\000n\000\040\220\022\143\250\116\016\000\040\000F\000i\000t\000t\000e\000d\000\040\000Q\000\040\000I\000t\000e\000r\000a\000t\000i\000o\000n}{}% 4
\BOOKMARK [2][-]{subsection.2.1}{\376\377\000B\000e\000l\000l\000m\000a\000n\000\040\147\000\117\030\145\271\172\013}{section.2}% 5
\BOOKMARK [2][-]{subsection.2.2}{\376\377\142\212\000\040\000B\000e\000l\000l\000m\000a\000n\000\040\145\271\172\013\123\330\142\020\217\355\116\343\173\227\154\325}{section.2}% 6
\BOOKMARK [2][-]{subsection.2.3}{\376\377\116\072\116\300\116\110\217\331\116\000\153\145\221\315\211\201}{section.2}% 7
\BOOKMARK [2][-]{subsection.2.4}{\376\377\147\054\172\340\134\017\176\323}{section.2}% 8
\BOOKMARK [1][-]{section.3}{\376\377\116\316\000\040\000t\000a\000b\000u\000l\000a\000r\000\040\122\060\000\040\000p\000a\000r\000a\000m\000e\000t\000r\000i\000c\377\032\116\072\116\300\116\110\227\000\211\201\171\136\176\317\177\121\176\334\000\040\000Q\000\040\121\375\145\160}{}% 9
\BOOKMARK [2][-]{subsection.3.1}{\376\377\217\336\176\355\122\250\117\134\116\016\171\273\145\143\122\250\117\134\166\204\116\015\124\014\000\040\000Q\000\040\176\323\147\204}{section.3}% 10
\BOOKMARK [2][-]{subsection.3.2}{\376\377\147\054\172\340\134\017\176\323}{section.3}% 11
\BOOKMARK [1][-]{section.4}{\376\377\000T\000D\060\001\000M\000o\000n\000t\000e\000\040\000C\000a\000r\000l\000o\000\040\116\016\000\040\000N\000-\000S\000t\000e\000p\377\032\120\117\135\356\124\214\145\271\135\356\166\204\116\244\143\142}{}% 12
\BOOKMARK [2][-]{subsection.4.1}{\376\377\116\316\000\040\000M\000o\000n\000t\000e\000\040\000C\000a\000r\000l\000o\000\040\122\060\000\040\000T\000D}{section.4}% 13
\BOOKMARK [2][-]{subsection.4.2}{\376\377\120\117\135\356\116\016\145\271\135\356}{section.4}% 14
\BOOKMARK [2][-]{subsection.4.3}{\376\377\147\054\172\340\134\017\176\323}{section.4}% 15
\BOOKMARK [1][-]{section.5}{\376\377\133\236\215\365\176\306\202\202\377\032\000t\000a\000r\000g\000e\000t\000\040\000n\000e\000t\000w\000o\000r\000k\060\001\150\257\136\246\172\063\133\232\140\047\060\001\000r\000e\000p\000l\000a\000y\000\040\000b\000u\000f\000f\000e\000r\000\040\116\016\217\307\117\060\213\241}{}% 16
\BOOKMARK [2][-]{subsection.5.1}{\376\377\116\072\116\300\116\110\227\000\211\201\000\040\000s\000e\000m\000i\000-\000g\000r\000a\000d\000i\000e\000n\000t\000\040\124\214\000\040\000t\000a\000r\000g\000e\000t\000\040\000n\000e\000t\000w\000o\000r\000k}{section.5}% 17
\BOOKMARK [2][-]{subsection.5.2}{\376\377\000T\000D\000\040\150\257\136\246\116\072\116\300\116\110\133\271\146\023\160\270}{section.5}% 18
\BOOKMARK [2][-]{subsection.5.3}{\376\377\000R\000e\000p\000l\000a\000y\000\040\000B\000u\000f\000f\000e\000r\000\040\166\204\211\322\202\162}{section.5}% 19
\BOOKMARK [2][-]{subsection.5.4}{\376\377\217\307\117\060\213\241\120\117\135\356\116\316\124\352\221\314\147\145}{section.5}% 20
\BOOKMARK [2][-]{subsection.5.5}{\376\377\147\054\172\340\134\017\176\323}{section.5}% 21
\BOOKMARK [1][-]{section.6}{\376\377\173\227\154\325\215\160\147\345\377\032\000D\000Q\000N\000\040\116\016\000\040\000A\000c\000t\000o\000r\000-\000C\000r\000i\000t\000i\000c}{}% 22
\BOOKMARK [2][-]{subsection.6.1}{\376\377\000D\000Q\000N\000\040\000w\000h\000i\000t\000e\000b\000o\000a\000r\000d}{section.6}% 23
\BOOKMARK [2][-]{subsection.6.2}{\376\377\000S\000A\000C\000\040\000w\000h\000i\000t\000e\000b\000o\000a\000r\000d\000\040\116\016\000\040\000a\000c\000t\000o\000r\000-\000c\000r\000i\000t\000i\000c\000\040\211\306\211\322}{section.6}% 24
\BOOKMARK [2][-]{subsection.6.3}{\376\377\147\054\172\340\134\017\176\323}{section.6}% 25
\BOOKMARK [1][-]{section.7}{\376\377\140\073\176\323\116\016\136\366\117\070}{}% 26
