\BOOKMARK [1][-]{section.1}{\376\377\116\316\000\040\000V\000a\000n\000i\000l\000l\000a\000\040\000L\000L\000M\000\040\122\060\000\040\000R\000e\000a\000s\000o\000n\000i\000n\000g\000\040\000M\000o\000d\000e\000l\377\032\225\356\230\230\122\060\136\225\123\330\116\206\116\300\116\110}{}% 1
\BOOKMARK [2][-]{subsection.1.1}{\376\377\116\072\116\300\116\110\213\376\172\013\121\110\142\171\122\044\040\034\146\156\220\032\000\040\000L\000L\000M\040\035\166\204\217\271\165\114}{section.1}% 2
\BOOKMARK [2][-]{subsection.1.2}{\376\377\213\376\172\013\133\371\000\040\000r\000e\000a\000s\000o\000n\000i\000n\000g\000\040\166\204\135\345\117\134\133\232\116\111}{section.1}% 3
\BOOKMARK [2][-]{subsection.1.3}{\376\377\145\260\203\003\137\017\377\032\217\223\121\372\116\015\121\215\123\352\147\011\173\124\150\110\377\014\217\330\123\005\124\053\143\250\164\006\224\376}{section.1}% 4
\BOOKMARK [2][-]{subsection.1.4}{\376\377\147\054\172\340\134\017\176\323}{section.1}% 5
\BOOKMARK [1][-]{section.2}{\376\377\213\304\155\113\116\016\210\150\137\201\377\032\140\016\150\067\122\044\145\255\152\041\127\213\167\037\166\204\146\364\117\032\143\250\164\006\116\206}{}% 6
\BOOKMARK [2][-]{subsection.2.1}{\376\377\000R\000e\000a\000s\000o\000n\000i\000n\000g\000\040\116\373\122\241\147\000\136\070\211\301\166\204\116\044\131\047\217\175\117\123\377\032\116\343\170\001\124\214\145\160\133\146}{section.2}% 7
\BOOKMARK [2][-]{subsection.2.2}{\376\377\000P\000a\000s\000s\000@\000k\000\040\116\016\000\040\000C\000o\000n\000s\000@\000k\377\032\116\072\116\300\116\110\000\040\000r\000e\000a\000s\000o\000n\000i\000n\000g\000\040\213\304\155\113\176\317\136\070\116\015\146\057\123\125\153\041\124\175\116\055\163\207}{section.2}% 8
\BOOKMARK [2][-]{subsection.2.3}{\376\377\213\376\172\013\116\072\116\300\116\110\137\072\214\003\000\040\000r\000e\000a\000s\000o\000n\000i\000n\000g\000\040\000m\000o\000d\000e\000l\000\040\146\057\217\321\116\000\136\164\142\115\162\006\123\321\166\204\116\073\230\230}{section.2}% 9
\BOOKMARK [2][-]{subsection.2.4}{\376\377\147\054\172\340\134\017\176\323}{section.2}% 10
\BOOKMARK [1][-]{section.3}{\376\377\123\357\232\214\213\301\131\126\122\261\116\016\000\040\000T\000e\000s\000t\000-\000T\000i\000m\000e\000\040\000S\000c\000a\000l\000i\000n\000g\377\032\213\251\152\041\127\213\141\077\141\017\131\032\140\363\060\001\217\330\200\375\210\253\150\300\147\345}{}% 11
\BOOKMARK [2][-]{subsection.3.1}{\376\377\116\072\116\300\116\110\000\040\000r\000e\000a\000s\000o\000n\000i\000n\000g\000\040\000c\000h\000a\000i\000n\000\040\116\015\200\375\133\214\121\150\117\235\215\126\116\272\135\345\121\231\000\040\000S\000F\000T\000\040\145\160\143\156}{section.3}% 12
\BOOKMARK [2][-]{subsection.3.2}{\376\377\123\357\232\214\213\301\131\126\122\261\166\204\150\070\137\303\377\032\150\074\137\017\000\040\000+\000\040\153\143\170\156\140\047}{section.3}% 13
\BOOKMARK [2][-]{subsection.3.3}{\376\377\000T\000e\000s\000t\000-\000t\000i\000m\000e\000\040\000s\000c\000a\000l\000i\000n\000g\000\040\166\204\167\037\153\143\124\053\116\111}{section.3}% 14
\BOOKMARK [2][-]{subsection.3.4}{\376\377\147\054\172\340\134\017\176\323}{section.3}% 15
\BOOKMARK [1][-]{section.4}{\376\377\000G\000R\000P\000O\000\040\116\016\225\177\136\246\120\117\177\156\377\032\000R\000e\000a\000s\000o\000n\000i\000n\000g\000\040\000R\000L\000\040\116\072\116\300\116\110\124\214\000\040\000P\000P\000O\000\040\116\015\116\000\150\067}{}% 16
\BOOKMARK [2][-]{subsection.4.1}{\376\377\000G\000R\000P\000O\000\040\166\204\150\070\137\303\145\071\122\250\377\032\165\050\176\304\121\205\136\163\127\107\126\336\142\245\120\132\127\372\176\277}{section.4}% 17
\BOOKMARK [2][-]{subsection.4.2}{\376\377\116\072\116\300\116\110\000\040\000G\000R\000P\000O\000\040\137\210\220\002\124\010\000\040\000r\000e\000a\000s\000o\000n\000i\000n\000g\000\040\127\072\146\157}{section.4}% 18
\BOOKMARK [2][-]{subsection.4.3}{\376\377\217\223\121\372\225\177\136\246\116\072\116\300\116\110\117\032\215\212\213\255\215\212\225\177}{section.4}% 19
\BOOKMARK [2][-]{subsection.4.4}{\376\377\000D\000A\000P\000O\060\001\000D\000r\000.\000\040\000G\000R\000P\000O\000\040\116\016\121\166\116\326\117\356\153\143}{section.4}% 20
\BOOKMARK [2][-]{subsection.4.5}{\376\377\147\054\172\340\134\017\176\323}{section.4}% 21
\BOOKMARK [1][-]{section.5}{\376\377\000D\000e\000e\000p\000S\000e\000e\000k\000\040\000R\0001\000\040\174\373\122\027\116\016\000\040\000D\000i\000s\000t\000i\000l\000l\000a\000t\000i\000o\000n\377\032\142\212\143\250\164\006\200\375\122\233\167\037\153\143\120\132\142\020\116\000\147\141\213\255\176\303\155\101\154\064\176\277}{}% 22
\BOOKMARK [2][-]{subsection.5.1}{\376\377\000R\0001\000-\000Z\000e\000r\000o\377\032\123\352\227\140\000\040\000R\000L\000\040\134\061\200\375\220\074\121\372\143\250\164\006\210\114\116\072\377\014\117\106\217\330\116\015\131\037\116\247\124\301\123\026}{section.5}% 23
\BOOKMARK [2][-]{subsection.5.2}{\376\377\000R\0001\377\032\142\212\000\040\000S\000F\000T\000\040\116\016\000\040\000R\000L\000\040\221\315\145\260\116\244\225\031\215\167\147\145}{section.5}% 24
\BOOKMARK [2][-]{subsection.5.3}{\376\377\000D\000i\000s\000t\000i\000l\000l\000a\000t\000i\000o\000n\377\032\142\212\000\040\000r\000e\000a\000s\000o\000n\000i\000n\000g\000\040\000t\000r\000a\000c\000e\000s\000\040\204\270\231\217\176\331\146\364\134\017\152\041\127\213}{section.5}% 25
\BOOKMARK [2][-]{subsection.5.4}{\376\377\147\054\172\340\134\017\176\323}{section.5}% 26
\BOOKMARK [1][-]{section.6}{\376\377\140\073\176\323\116\016\136\366\117\070}{}% 27
