\BOOKMARK [1][-]{section.1}{\376\377\116\072\116\300\116\110\000\040\000`\000`\142\212\143\250\164\006\120\132\142\020\000\040\000R\000L\000'\000'\000\040\142\020\116\206\116\000\116\052\150\070\137\303\225\356\230\230}{}% 1
\BOOKMARK [2][-]{subsection.1.1}{\376\377\142\212\145\160\133\146\143\250\164\006\167\013\142\020\116\000\116\052\172\000\165\217\131\126\122\261\000\040\000M\000D\000P}{section.1}% 2
\BOOKMARK [2][-]{subsection.1.2}{\376\377\116\072\116\300\116\110\116\305\227\140\152\041\116\377\116\015\131\037}{section.1}% 3
\BOOKMARK [2][-]{subsection.1.3}{\376\377\147\054\172\340\134\017\176\323}{section.1}% 4
\BOOKMARK [1][-]{section.2}{\376\377\171\273\176\277\211\306\211\322\377\032\121\110\213\306\122\053\127\117\153\145\232\244\377\014\121\215\121\263\133\232\131\202\117\125\133\146\116\140}{}% 5
\BOOKMARK [2][-]{subsection.2.1}{\376\377\117\052\153\145\232\244\116\072\116\300\116\110\117\032\143\137\133\263\154\333\123\026}{section.2}% 6
\BOOKMARK [2][-]{subsection.2.2}{\376\377\117\030\122\277\121\375\145\160\127\050\217\331\221\314\122\060\136\225\210\150\171\072\116\300\116\110}{section.2}% 7
\BOOKMARK [2][-]{subsection.2.3}{\376\377\171\273\176\277\000\040\000R\000L\000\040\140\016\116\110\165\050\217\331\116\233\117\030\122\277}{section.2}% 8
\BOOKMARK [2][-]{subsection.2.4}{\376\377\147\054\172\340\134\017\176\323}{section.2}% 9
\BOOKMARK [1][-]{section.3}{\376\377\127\050\176\277\211\306\211\322\377\032\116\316\000\040\0000\000/\0001\000\040\000o\000u\000t\000c\000o\000m\000e\000\040\000r\000e\000w\000a\000r\000d\000\040\122\060\000\040\000d\000e\000n\000s\000e\000\040\000p\000r\000o\000c\000e\000s\000s\000\040\000r\000e\000w\000a\000r\000d}{}% 10
\BOOKMARK [2][-]{subsection.3.1}{\376\377\147\000\127\372\170\100\166\204\127\050\176\277\000\040\000R\000L\000\040\221\115\145\271}{section.3}% 11
\BOOKMARK [2][-]{subsection.3.2}{\376\377\000P\000r\000o\000c\000e\000s\000s\000\040\000A\000d\000v\000a\000n\000t\000a\000g\000e\000\040\000V\000e\000r\000i\000f\000i\000e\000r\000:\000\040\142\212\172\000\165\217\126\336\142\245\123\330\172\040\133\306}{section.3}% 12
\BOOKMARK [2][-]{subsection.3.3}{\376\377\000G\000R\000P\000O\000\040\116\016\000\040\000r\000o\000l\000l\000o\000u\000t\000-\000b\000a\000s\000e\000d\000\040\000a\000d\000v\000a\000n\000t\000a\000g\000e\000s}{section.3}% 13
\BOOKMARK [2][-]{subsection.3.4}{\376\377\147\054\172\340\134\017\176\323}{section.3}% 14
\BOOKMARK [1][-]{section.4}{\376\377\000T\000h\000i\000n\000k\000i\000n\000g\000\040\000M\000o\000d\000e\000l\000s\000\040\121\166\133\236\116\315\161\066\172\331\127\050\200\001\221\115\145\271\116\012}{}% 15
\BOOKMARK [2][-]{subsection.4.1}{\376\377\116\316\000\040\000t\000o\000k\000e\000n\000\040\122\250\117\134\122\060\000\040\000`\000`\121\103\122\250\117\134\000'\000'}{section.4}% 16
\BOOKMARK [2][-]{subsection.4.2}{\376\377\116\072\116\300\116\110\000\040\000`\000`\146\364\225\177\143\250\164\006\000'\000'\000\040\117\032\142\020\116\072\116\000\116\052\145\260\203\003\137\017}{section.4}% 17
\BOOKMARK [2][-]{subsection.4.3}{\376\377\116\315\161\066\140\254\200\014\147\052\121\263\166\204\225\356\230\230}{section.4}% 18
\BOOKMARK [2][-]{subsection.4.4}{\376\377\147\054\172\340\134\017\176\323}{section.4}% 19
\BOOKMARK [1][-]{section.5}{\376\377\140\073\176\323\116\016\136\366\117\070}{}% 20
