\BOOKMARK [1][-]{section.1}{\376\377\127\372\116\216\000\040\0002\0000\0002\0006\000\040\147\000\145\260\133\230\145\271\000\040\000s\000l\000i\000d\000e\000s\000\040\166\204\210\145\121\105\377\032\116\072\116\300\116\110\000\040\000A\000t\000t\000e\000n\000t\000i\000o\000n\000\040\000A\000l\000t\000e\000r\000n\000a\000t\000i\000v\000e\000s\000\040\117\032\124\214\000\040\000M\000o\000E\000\040\145\076\127\050\124\014\116\000\213\262}{}% 1
\BOOKMARK [2][-]{subsection.1.1}{\376\377\000L\000i\000n\000e\000a\000r\000\040\000A\000t\000t\000e\000n\000t\000i\000o\000n\377\032\121\110\116\316\147\000\157\300\217\333\166\204\131\015\147\102\136\246\221\315\121\231\137\000\131\313}{section.1}% 2
\BOOKMARK [2][-]{subsection.1.2}{\376\377\000R\000e\000c\000u\000r\000r\000e\000n\000t\000\040\000f\000o\000r\000m\377\032\116\072\116\300\116\110\217\331\174\173\145\271\154\325\117\032\124\214\000\040\000R\000N\000N\060\001\000s\000t\000a\000t\000e\000-\000s\000p\000a\000c\000e\000\040\121\215\153\041\217\336\215\167\147\145}{section.1}% 3
\BOOKMARK [2][-]{subsection.1.3}{\376\377\116\316\000\040\000M\000a\000m\000b\000a\000-\0002\000\040\122\060\000\040\000G\000a\000t\000e\000d\000\040\000D\000e\000l\000t\000a\000\040\000N\000e\000t\377\032\116\015\146\057\145\076\137\003\000\040\000a\000t\000t\000e\000n\000t\000i\000o\000n\377\014\200\014\146\057\127\050\221\315\121\231\162\266\140\001\146\364\145\260\211\304\122\031}{section.1}% 4
\BOOKMARK [2][-]{subsection.1.4}{\376\377\000H\000y\000b\000r\000i\000d\000\040\000A\000t\000t\000e\000n\000t\000i\000o\000n\000\040\116\016\000\040\000D\000S\000A\377\032\135\345\116\032\174\373\176\337\136\166\116\015\140\073\146\057\116\214\220\011\116\000}{section.1}% 5
\BOOKMARK [2][-]{subsection.1.5}{\376\377\147\054\172\340\134\017\176\323}{section.1}% 6
\BOOKMARK [1][-]{section.2}{\376\377\116\072\116\300\116\110\000\040\000M\000o\000E\000\040\117\032\127\050\131\047\152\041\127\213\145\366\116\343\221\315\145\260\123\330\137\227\221\315\211\201}{}% 7
\BOOKMARK [2][-]{subsection.2.1}{\376\377\000M\000o\000E\000\040\116\015\146\057\116\072\116\206\160\253\142\200\377\014\200\014\146\057\116\072\116\206\124\014\000\040\000F\000L\000O\000P\000\040\116\013\203\267\137\227\146\364\232\330\133\271\221\317}{section.2}% 8
\BOOKMARK [2][-]{subsection.2.2}{\376\377\116\072\116\300\116\110\217\331\121\340\136\164\000\040\000M\000o\000E\000\040\121\215\153\041\155\101\210\114}{section.2}% 9
\BOOKMARK [2][-]{subsection.2.3}{\376\377\117\106\116\072\116\300\116\110\000\040\000M\000o\000E\000\040\154\241\147\011\146\364\145\351\142\020\116\072\150\007\121\306\173\124\150\110}{section.2}% 10
\BOOKMARK [2][-]{subsection.2.4}{\376\377\147\054\172\340\134\017\176\323}{section.2}% 11
\BOOKMARK [1][-]{section.3}{\376\377\000M\000o\000E\000\040\166\204\127\372\147\054\176\323\147\204\377\032\116\300\116\110\210\253\146\377\143\142\377\014\116\300\116\110\154\241\147\011\123\330}{}% 12
\BOOKMARK [2][-]{subsection.3.1}{\376\377\116\073\136\162\154\241\123\330\377\014\220\032\136\070\123\352\146\057\142\212\000\040\000M\000L\000P\000\040\143\142\142\020\000\040\000M\000o\000E\000\040\134\102}{section.3}% 13
\BOOKMARK [2][-]{subsection.3.2}{\376\377\172\000\165\217\152\041\127\213\116\016\000\040\000d\000e\000n\000s\000e\000\040\152\041\127\213\166\204\147\000\221\315\211\201\123\072\122\053\146\057\116\300\116\110}{section.3}% 14
\BOOKMARK [2][-]{subsection.3.3}{\376\377\147\054\172\340\134\017\176\323}{section.3}% 15
\BOOKMARK [1][-]{section.4}{\376\377\000R\000o\000u\000t\000i\000n\000g\377\032\121\340\116\116\142\100\147\011\133\236\215\365\147\000\176\310\220\375\126\336\122\060\000\040\000t\000o\000p\000-\000k\000\040\000t\000o\000k\000e\000n\000-\000c\000h\000o\000i\000c\000e}{}% 16
\BOOKMARK [2][-]{subsection.4.1}{\376\377\000M\000o\000E\000\040\122\060\136\225\147\011\124\352\116\233\176\364\136\246\117\032\123\330\123\026}{section.4}% 17
\BOOKMARK [2][-]{subsection.4.2}{\376\377\116\072\116\300\116\110\000\040\000r\000o\000u\000t\000i\000n\000g\000\040\213\250\213\272\147\000\124\016\121\340\116\116\140\073\117\032\126\336\122\060\000\040\000t\000o\000p\000-\000k}{section.4}% 18
\BOOKMARK [2][-]{subsection.4.3}{\376\377\116\072\116\300\116\110\000\040\000R\000L\000\040\000r\000o\000u\000t\000i\000n\000g\000\040\154\241\147\011\142\020\116\072\116\073\155\101}{section.4}% 19
\BOOKMARK [2][-]{subsection.4.4}{\376\377\000D\000e\000e\000p\000S\000e\000e\000k\000\040\000/\000\040\000Q\000w\000e\000n\000\040\217\331\174\173\147\000\217\321\123\330\117\123\122\060\136\225\127\050\145\071\116\300\116\110}{section.4}% 20
\BOOKMARK [2][-]{subsection.4.5}{\376\377\147\054\172\340\134\017\176\323}{section.4}% 21
\BOOKMARK [1][-]{section.5}{\376\377\000B\000a\000l\000a\000n\000c\000i\000n\000g\000\040\116\016\213\255\176\303\166\356\150\007\377\032\116\072\116\300\116\110\174\373\176\337\145\110\163\207\117\032\123\315\217\307\147\145\130\121\220\040\117\030\123\026\166\356\150\007}{}% 22
\BOOKMARK [2][-]{subsection.5.1}{\376\377\000M\000o\000E\000\040\213\255\176\303\147\000\131\047\166\204\174\373\176\337\140\047\230\316\226\151\377\032\116\023\133\266\117\177\165\050\116\015\127\107}{section.5}% 23
\BOOKMARK [2][-]{subsection.5.2}{\376\377\116\072\116\300\116\110\213\376\172\013\213\364\217\331\116\233\166\356\150\007\040\034\147\011\160\271\000\040\000h\000e\000u\000r\000i\000s\000t\000i\000c\040\035}{section.5}% 24
\BOOKMARK [2][-]{subsection.5.3}{\376\377\000D\000e\000e\000p\000S\000e\000e\000k\000\040\000v\0003\000\040\166\204\142\100\214\023\000\040\000a\000u\000x\000i\000l\000i\000a\000r\000y\000-\000l\000o\000s\000s\000-\000f\000r\000e\000e\000\040\000b\000a\000l\000a\000n\000c\000i\000n\000g\000\040\116\072\116\300\116\110\120\074\137\227\154\350\141\017}{section.5}% 25
\BOOKMARK [2][-]{subsection.5.4}{\376\377\147\054\172\340\134\017\176\323}{section.5}% 26
\BOOKMARK [1][-]{section.6}{\376\377\000D\000e\000e\000p\000S\000e\000e\000k\000\040\117\134\116\072\150\110\117\213\377\032\163\260\116\343\131\047\211\304\152\041\000\040\000M\000o\000E\000\040\116\015\123\352\146\057\000\040\000t\000o\000p\000-\000k}{}% 27
\BOOKMARK [2][-]{subsection.6.1}{\376\377\116\072\116\300\116\110\213\376\172\013\147\000\124\016\220\011\142\351\165\050\000\040\000D\000e\000e\000p\000S\000e\000e\000k\000\040\174\373\122\027\120\132\145\066\147\137}{section.6}% 28
\BOOKMARK [2][-]{subsection.6.2}{\376\377\116\072\116\300\116\110\163\260\116\343\000\040\000M\000o\000E\000\040\176\317\136\070\211\201\124\214\122\053\166\204\176\323\147\204\140\047\145\071\122\250\116\000\215\167\121\372\163\260}{section.6}% 29
\BOOKMARK [2][-]{subsection.6.3}{\376\377\147\054\172\340\134\017\176\323}{section.6}% 30
\BOOKMARK [1][-]{section.7}{\376\377\140\073\176\323\116\016\136\366\117\070}{}% 31
