\BOOKMARK [1][-]{section.1}{\376\377\116\316\123\237\131\313\000\040\000T\000r\000a\000n\000s\000f\000o\000r\000m\000e\000r\000\040\122\060\163\260\116\343\123\330\117\123\377\032\147\054\213\262\166\204\166\356\150\007}{}% 1
\BOOKMARK [2][-]{subsection.1.1}{\376\377\147\054\172\340\134\017\176\323}{section.1}% 2
\BOOKMARK [1][-]{section.2}{\376\377\117\115\177\156\177\026\170\001\166\204\157\024\217\333\377\032\116\316\176\335\133\371\117\115\177\156\122\060\166\370\133\371\117\115\177\156\117\341\140\157}{}% 3
\BOOKMARK [2][-]{subsection.2.1}{\376\377\116\072\116\300\116\110\137\305\230\173\154\350\121\145\117\115\177\156\117\341\140\157}{section.2}% 4
\BOOKMARK [2][-]{subsection.2.2}{\376\377\153\143\137\046\117\115\177\156\177\026\170\001\166\204\121\154\137\017\116\016\122\250\147\072}{section.2}% 5
\BOOKMARK [2][-]{subsection.2.3}{\376\377\116\316\176\335\133\371\117\115\177\156\122\060\166\370\133\371\117\115\177\156\377\032\000A\000L\000i\000B\000i\000\040\116\016\000\040\000R\000o\000P\000E}{section.2}% 6
\BOOKMARK [2][-]{subsection.2.4}{\376\377\147\054\172\340\134\017\176\323}{section.2}% 7
\BOOKMARK [1][-]{section.3}{\376\377\134\102\137\122\116\000\123\026\116\016\213\255\176\303\172\063\133\232\140\047\377\032\000P\000o\000s\000t\000-\000N\000o\000r\000m\000\040\122\060\000\040\000P\000r\000e\000-\000N\000o\000r\000m}{}% 8
\BOOKMARK [2][-]{subsection.3.1}{\376\377\147\054\172\340\134\017\176\323}{section.3}% 9
\BOOKMARK [1][-]{section.4}{\376\377\154\350\141\017\122\233\217\321\117\074\116\016\176\323\147\204\167\001\173\227\377\032\134\100\220\350\172\227\123\343\060\001\000M\000Q\000A\000\040\116\016\000\040\000G\000Q\000A}{}% 10
\BOOKMARK [2][-]{subsection.4.1}{\376\377\121\150\134\100\201\352\154\350\141\017\122\233\166\204\116\343\116\367}{section.4}% 11
\BOOKMARK [2][-]{subsection.4.2}{\376\377\134\100\220\350\116\016\121\150\134\100\154\350\141\017\122\233\166\204\142\230\116\055}{section.4}% 12
\BOOKMARK [2][-]{subsection.4.3}{\376\377\116\316\000\040\000M\000H\000A\000\040\122\060\000\040\000M\000Q\000A\000/\000G\000Q\000A}{section.4}% 13
\BOOKMARK [2][-]{subsection.4.4}{\376\377\147\054\172\340\134\017\176\323}{section.4}% 14
\BOOKMARK [1][-]{section.5}{\376\377\000T\000r\000a\000n\000s\000f\000o\000r\000m\000e\000r\000-\000b\000a\000s\000e\000d\000\040\152\041\127\213\133\266\145\317\116\016\000\040\000B\000E\000R\000T\000\040\155\361\121\145\211\343\147\220}{}% 15
\BOOKMARK [2][-]{subsection.5.1}{\376\377\116\011\131\047\152\041\127\213\133\266\145\317}{section.5}% 16
\BOOKMARK [2][-]{subsection.5.2}{\376\377\116\072\116\300\116\110\146\057\000\040\000B\000E\000R\000T}{section.5}% 17
\BOOKMARK [2][-]{subsection.5.3}{\376\377\000B\000E\000R\000T\000\040\166\204\230\204\213\255\176\303\116\373\122\241}{section.5}% 18
\BOOKMARK [2][-]{subsection.5.4}{\376\377\116\316\230\204\213\255\176\303\122\060\137\256\214\003}{section.5}% 19
\BOOKMARK [2][-]{subsection.5.5}{\376\377\147\054\172\340\134\017\176\323}{section.5}% 20
\BOOKMARK [1][-]{section.6}{\376\377\000B\000E\000R\000T\000\040\166\204\134\100\226\120\116\016\116\044\174\173\123\330\117\123\377\032\000D\000i\000s\000t\000i\000l\000B\000E\000R\000T\060\001\000R\000o\000B\000E\000R\000T\000a}{}% 21
\BOOKMARK [2][-]{subsection.6.1}{\376\377\000B\000E\000R\000T\000\040\166\204\134\100\226\120}{section.6}% 22
\BOOKMARK [2][-]{subsection.6.2}{\376\377\000D\000i\000s\000t\000i\000l\000B\000E\000R\000T\377\032\146\364\134\017\146\364\137\353}{section.6}% 23
\BOOKMARK [2][-]{subsection.6.3}{\376\377\000R\000o\000B\000E\000R\000T\000a\377\032\142\212\230\204\213\255\176\303\120\132\137\227\146\364\142\116\133\236}{section.6}% 24
\BOOKMARK [2][-]{subsection.6.4}{\376\377\147\054\172\340\134\017\176\323}{section.6}% 25
\BOOKMARK [1][-]{section.7}{\376\377\140\073\176\323\116\016\136\366\117\070}{}% 26
