\BOOKMARK [1][-]{section.1}{\376\377\116\316\152\041\116\377\133\146\116\140\215\160\124\021\127\050\176\277\137\072\123\026\133\146\116\140}{}% 1
\BOOKMARK [2][-]{subsection.1.1}{\376\377\127\050\176\277\000\040\000R\000L\000\040\166\204\127\372\147\054\137\252\163\257}{section.1}% 2
\BOOKMARK [2][-]{subsection.1.2}{\376\377\166\356\150\007\121\375\145\160\116\315\161\066\146\057\225\177\147\037\126\336\142\245}{section.1}% 3
\BOOKMARK [2][-]{subsection.1.3}{\376\377\147\054\172\340\134\017\176\323}{section.1}% 4
\BOOKMARK [1][-]{section.2}{\376\377\000P\000o\000l\000i\000c\000y\000\040\000G\000r\000a\000d\000i\000e\000n\000t\000\040\131\202\117\125\143\250\133\374\121\372\147\145}{}% 5
\BOOKMARK [2][-]{subsection.2.1}{\376\377\116\316\217\150\217\371\122\006\136\003\137\000\131\313\121\231\133\374\145\160}{section.2}% 6
\BOOKMARK [2][-]{subsection.2.2}{\376\377\116\072\116\300\116\110\123\352\122\151\116\013\173\126\165\145\230\171}{section.2}% 7
\BOOKMARK [2][-]{subsection.2.3}{\376\377\165\050\221\307\150\067\217\321\117\074\147\037\147\033}{section.2}% 8
\BOOKMARK [2][-]{subsection.2.4}{\376\377\147\054\172\340\134\017\176\323}{section.2}% 9
\BOOKMARK [1][-]{section.3}{\376\377\217\331\116\052\150\257\136\246\122\060\136\225\127\050\120\132\116\300\116\110}{}% 10
\BOOKMARK [2][-]{subsection.3.1}{\376\377\166\364\211\311\377\032\232\330\126\336\142\245\122\250\117\134\146\364\123\357\200\375\210\253\221\315\131\015}{section.3}% 11
\BOOKMARK [2][-]{subsection.3.2}{\376\377\116\272\137\142\147\072\126\150\116\272\210\114\215\160\117\213\133\120}{section.3}% 12
\BOOKMARK [2][-]{subsection.3.3}{\376\377\232\330\145\271\135\356\146\057\000\040\000v\000a\000n\000i\000l\000l\000a\000\040\000p\000o\000l\000i\000c\000y\000\040\000g\000r\000a\000d\000i\000e\000n\000t\000\040\166\204\150\070\137\303\226\276\160\271}{section.3}% 13
\BOOKMARK [2][-]{subsection.3.4}{\376\377\147\054\172\340\134\017\176\323}{section.3}% 14
\BOOKMARK [1][-]{section.4}{\376\377\131\202\117\125\145\071\217\333\377\032\000C\000a\000u\000s\000a\000l\000i\000t\000y\000\040\116\016\000\040\000B\000a\000s\000e\000l\000i\000n\000e}{}% 15
\BOOKMARK [2][-]{subsection.4.1}{\376\377\000C\000a\000u\000s\000a\000l\000i\000t\000y\377\032\122\250\117\134\116\015\136\224\116\072\217\307\123\273\131\126\122\261\200\314\225\005}{section.4}% 16
\BOOKMARK [2][-]{subsection.4.2}{\376\377\000B\000a\000s\000e\000l\000i\000n\000e\377\032\123\352\131\126\122\261\232\330\116\216\136\163\127\107\176\277\166\204\210\114\116\072}{section.4}% 17
\BOOKMARK [2][-]{subsection.4.3}{\376\377\147\054\172\340\134\017\176\323}{section.4}% 18
\BOOKMARK [1][-]{section.5}{\376\377\000O\000f\000f\000-\000P\000o\000l\000i\000c\000y\000\040\000P\000o\000l\000i\000c\000y\000\040\000G\000r\000a\000d\000i\000e\000n\000t\060\001\000I\000m\000p\000o\000r\000t\000a\000n\000c\000e\000\040\000S\000a\000m\000p\000l\000i\000n\000g\000\040\116\016\000\040\000K\000L\000\040\176\246\147\137}{}% 19
\BOOKMARK [2][-]{subsection.5.1}{\376\377\116\072\116\300\116\110\140\363\120\132\000\040\000o\000f\000f\000-\000p\000o\000l\000i\000c\000y}{section.5}% 20
\BOOKMARK [2][-]{subsection.5.2}{\376\377\000I\000m\000p\000o\000r\000t\000a\000n\000c\000e\000\040\000S\000a\000m\000p\000l\000i\000n\000g\000\040\166\204\127\372\147\054\137\142\137\017}{section.5}% 21
\BOOKMARK [2][-]{subsection.5.3}{\376\377\116\072\116\300\116\110\217\150\217\371\153\324\120\074\117\032\176\246\123\026\142\020\173\126\165\145\153\324\120\074}{section.5}% 22
\BOOKMARK [2][-]{subsection.5.4}{\376\377\000K\000L\000\040\176\246\147\137\377\032\122\053\213\251\145\260\145\347\173\126\165\145\135\356\131\052\217\334}{section.5}% 23
\BOOKMARK [2][-]{subsection.5.5}{\376\377\147\054\172\340\134\017\176\323}{section.5}% 24
\BOOKMARK [1][-]{section.6}{\376\377\140\073\176\323\116\016\136\366\117\070}{}% 25
