\BOOKMARK [1][-]{section.1}{\376\377\152\041\116\377\133\146\116\140\225\356\230\230\166\204\127\372\147\054\213\276\133\232}{}% 1
\BOOKMARK [2][-]{subsection.1.1}{\376\377\145\160\143\156\060\001\166\356\150\007\116\016\147\052\167\345\116\023\133\266\173\126\165\145}{section.1}% 2
\BOOKMARK [2][-]{subsection.1.2}{\376\377\000B\000e\000h\000a\000v\000i\000o\000r\000\040\000C\000l\000o\000n\000i\000n\000g\377\032\162\110\147\054\000\040\0000}{section.1}% 3
\BOOKMARK [2][-]{subsection.1.3}{\376\377\147\054\172\340\134\017\176\323}{section.1}% 4
\BOOKMARK [1][-]{section.2}{\376\377\116\072\116\300\116\110\116\305\165\050\127\107\120\074\126\336\137\122\116\015\131\037\377\032\227\000\211\201\210\150\217\276\140\047\173\126\165\145\122\006\136\003}{}% 5
\BOOKMARK [2][-]{subsection.2.1}{\376\377\131\032\134\360\122\250\117\134\122\006\136\003\116\016\127\107\120\074\160\176\226\276}{section.2}% 6
\BOOKMARK [2][-]{subsection.2.2}{\376\377\116\316\123\125\160\271\122\250\117\134\122\060\147\141\116\366\122\006\136\003}{section.2}% 7
\BOOKMARK [2][-]{subsection.2.3}{\376\377\116\072\116\300\116\110\040\034\177\121\176\334\210\150\217\276\122\233\137\072\040\035\116\015\173\111\116\216\040\034\122\006\136\003\210\150\217\276\122\233\137\072\040\035}{section.2}% 8
\BOOKMARK [2][-]{subsection.2.4}{\376\377\116\316\170\024\172\166\171\072\117\213\122\060\135\345\116\032\204\075\127\060}{section.2}% 9
\BOOKMARK [2][-]{subsection.2.5}{\376\377\147\054\172\340\134\017\176\323}{section.2}% 10
\BOOKMARK [1][-]{section.3}{\376\377\152\041\116\377\133\146\116\140\166\204\150\070\137\303\230\316\226\151\377\032\000C\000o\000m\000p\000o\000u\000n\000d\000i\000n\000g\000\040\000E\000r\000r\000o\000r\000s}{}% 11
\BOOKMARK [2][-]{subsection.3.1}{\376\377\166\321\167\143\133\146\116\140\166\204\120\107\213\276\116\072\116\300\116\110\127\050\210\114\116\072\133\146\116\140\221\314\170\064\210\302}{section.3}% 12
\BOOKMARK [2][-]{subsection.3.2}{\376\377\116\072\116\300\116\110\225\031\213\357\117\032\215\212\156\332\215\212\131\047}{section.3}% 13
\BOOKMARK [2][-]{subsection.3.3}{\376\377\147\054\172\340\134\017\176\323}{section.3}% 14
\BOOKMARK [1][-]{section.4}{\376\377\131\202\117\125\177\023\211\343\122\006\136\003\131\061\221\115\377\032\000D\000A\000g\000g\000e\000r\000\040\116\016\000\040\000H\000u\000m\000a\000n\000-\000G\000a\000t\000e\000d\000\040\000D\000A\000g\000g\000e\000r}{}% 15
\BOOKMARK [2][-]{subsection.4.1}{\376\377\000D\000a\000t\000a\000s\000e\000t\000\040\000A\000g\000g\000r\000e\000g\000a\000t\000i\000o\000n\000\040\166\204\127\372\147\054\140\035\215\357}{section.4}% 16
\BOOKMARK [2][-]{subsection.4.2}{\376\377\000H\000u\000m\000a\000n\000-\000G\000a\000t\000e\000d\000\040\000D\000A\000g\000g\000e\000r\377\032\146\364\133\236\165\050\166\204\116\272\147\072\143\245\123\343}{section.4}% 17
\BOOKMARK [2][-]{subsection.4.3}{\376\377\147\054\172\340\134\017\176\323}{section.4}% 18
\BOOKMARK [1][-]{section.5}{\376\377\157\024\171\072\116\316\124\352\221\314\147\145\377\032\145\066\226\306\145\271\137\017\116\016\000\040\000E\000m\000b\000o\000d\000i\000m\000e\000n\000t\000\040\000G\000a\000p}{}% 19
\BOOKMARK [2][-]{subsection.5.1}{\376\377\145\160\143\156\145\066\226\306\136\166\116\015\140\073\146\057\164\006\142\100\137\123\161\066}{section.5}% 20
\BOOKMARK [2][-]{subsection.5.2}{\376\377\116\072\116\300\116\110\147\072\126\150\116\272\116\015\200\375\166\364\143\245\152\041\116\377\116\272\174\173\142\026\122\250\162\151\211\306\230\221}{section.5}% 21
\BOOKMARK [2][-]{subsection.5.3}{\376\377\147\054\172\340\134\017\176\323}{section.5}% 22
\BOOKMARK [1][-]{section.6}{\376\377\140\073\176\323\116\016\136\366\117\070}{}% 23
