\BOOKMARK [1][-]{section.1}{\376\377\213\255\176\303\203\003\137\017\377\032\116\316\123\125\116\373\122\241\152\041\127\213\122\060\040\034\230\204\213\255\176\303\000+\214\003\117\030\040\035}{}% 1
\BOOKMARK [2][-]{subsection.1.1}{\376\377\116\072\116\300\116\110\000\040\000L\000L\000M\000\040\213\255\176\303\121\110\133\146\220\032\165\050\200\375\122\233\377\014\121\215\133\146\116\373\122\241\210\114\116\072}{section.1}% 2
\BOOKMARK [2][-]{subsection.1.2}{\376\377\116\044\226\066\153\265\203\003\137\017\145\071\123\330\116\206\145\160\143\156\060\001\142\020\147\054\124\214\152\041\127\213\131\015\165\050\145\271\137\017}{section.1}% 3
\BOOKMARK [2][-]{subsection.1.3}{\376\377\147\054\172\340\134\017\176\323}{section.1}% 4
\BOOKMARK [1][-]{section.2}{\376\377\230\204\213\255\176\303\377\032\213\251\152\041\127\213\121\110\133\146\117\032\213\355\212\000\116\016\116\343\170\001}{}% 5
\BOOKMARK [2][-]{subsection.2.1}{\376\377\230\204\213\255\176\303\166\204\166\356\150\007\146\057\147\000\131\047\123\026\116\013\116\000\116\052\000\040\000t\000o\000k\000e\000n\000\040\166\204\123\357\230\204\155\113\140\047}{section.2}% 6
\BOOKMARK [2][-]{subsection.2.2}{\376\377\145\160\143\156\155\367\124\010\153\324\123\125\116\000\145\160\143\156\146\364\121\163\225\056}{section.2}% 7
\BOOKMARK [2][-]{subsection.2.3}{\376\377\211\304\152\041\060\001\150\067\147\054\145\110\163\207\116\016\000\040\000C\000h\000i\000n\000c\000h\000i\000l\000l\000a\000\040\154\325\122\031}{section.2}% 8
\BOOKMARK [2][-]{subsection.2.4}{\376\377\230\204\213\255\176\303\116\072\116\300\116\110\123\310\215\065\123\310\226\276}{section.2}% 9
\BOOKMARK [2][-]{subsection.2.5}{\376\377\147\054\172\340\134\017\176\323}{section.2}% 10
\BOOKMARK [1][-]{section.3}{\376\377\213\255\176\303\117\030\123\026\377\032\146\076\133\130\060\001\136\166\210\114\116\016\173\227\133\120\134\102\227\142\166\204\122\240\220\037}{}% 11
\BOOKMARK [2][-]{subsection.3.1}{\376\377\213\255\176\303\164\366\230\210\231\226\121\110\146\057\146\076\133\130\377\014\200\014\116\015\146\057\176\270\227\142\173\227\122\233}{section.3}% 12
\BOOKMARK [2][-]{subsection.3.2}{\376\377\145\160\143\156\136\166\210\114\124\214\000\040\000Z\000e\000R\000O\377\032\142\212\121\227\117\131\162\266\140\001\142\306\137\000\133\130}{section.3}% 13
\BOOKMARK [2][-]{subsection.3.3}{\376\377\152\041\127\213\136\166\210\114\116\016\213\255\176\303\122\007\122\006\176\364\136\246}{section.3}% 14
\BOOKMARK [2][-]{subsection.3.4}{\376\377\000F\000l\000a\000s\000h\000A\000t\000t\000e\000n\000t\000i\000o\000n\377\032\213\255\176\303\122\240\220\037\116\015\123\352\146\057\122\006\123\141\377\014\116\137\211\201\121\317\134\021\000\040\000H\000B\000M\000\040\213\277\133\130}{section.3}% 15
\BOOKMARK [2][-]{subsection.3.5}{\376\377\155\367\124\010\174\276\136\246\377\032\165\050\146\364\117\116\174\276\136\246\143\142\146\364\232\330\124\036\124\020\124\214\146\364\117\116\146\076\133\130}{section.3}% 16
\BOOKMARK [2][-]{subsection.3.6}{\376\377\147\054\172\340\134\017\176\323}{section.3}% 17
\BOOKMARK [1][-]{section.4}{\376\377\166\321\167\143\137\256\214\003\377\032\142\212\040\034\117\032\176\355\121\231\040\035\123\330\142\020\040\034\117\032\221\115\124\010\040\035}{}% 18
\BOOKMARK [2][-]{subsection.4.1}{\376\377\000S\000F\000T\000\040\166\204\211\322\202\162\146\057\213\251\152\041\127\213\133\146\117\032\162\171\133\232\210\114\116\072}{section.4}% 19
\BOOKMARK [2][-]{subsection.4.2}{\376\377\000I\000n\000s\000t\000r\000u\000c\000t\000i\000o\000n\000\040\000t\000u\000n\000i\000n\000g\000\040\166\204\145\160\143\156\153\324\230\204\213\255\176\303\134\017\137\227\131\032\377\014\117\106\215\050\221\317\211\201\154\102\146\364\232\330}{section.4}% 20
\BOOKMARK [2][-]{subsection.4.3}{\376\377\000S\000F\000T\000\040\145\071\123\330\166\204\146\057\210\114\116\072\377\014\116\015\146\057\121\150\220\350\200\375\122\233\217\271\165\114}{section.4}% 21
\BOOKMARK [2][-]{subsection.4.4}{\376\377\000S\000F\000T\000\040\213\304\117\060\116\315\161\066\137\210\226\276}{section.4}% 22
\BOOKMARK [2][-]{subsection.4.5}{\376\377\147\054\172\340\134\017\176\323}{section.4}% 23
\BOOKMARK [1][-]{section.5}{\376\377\123\302\145\160\232\330\145\110\137\256\214\003\377\032\000L\000o\000R\000A\060\001\000Q\000L\000o\000R\000A\000\040\116\016\117\116\142\020\147\054\220\002\221\115}{}% 24
\BOOKMARK [2][-]{subsection.5.1}{\376\377\000L\000o\000R\000A\377\032\116\015\145\071\156\341\167\351\226\065\377\014\200\014\146\057\133\146\116\140\116\000\116\052\117\116\171\351\130\236\221\317}{section.5}% 25
\BOOKMARK [2][-]{subsection.5.2}{\376\377\000L\000o\000R\000A\000\040\166\204\116\367\120\074\116\015\123\352\146\057\167\001\146\076\133\130\377\014\217\330\127\050\116\216\123\357\143\322\142\324}{section.5}% 26
\BOOKMARK [2][-]{subsection.5.3}{\376\377\000L\000o\000R\000A\000\040\136\224\213\345\122\240\127\050\124\352\221\314\377\014\116\345\123\312\133\203\166\204\213\255\176\303\122\250\140\001\147\011\116\300\116\110\162\171\153\212\140\047}{section.5}% 27
\BOOKMARK [2][-]{subsection.5.4}{\376\377\000Q\000L\000o\000R\000A\377\032\142\212\121\273\176\323\147\103\221\315\221\317\123\026\377\014\121\215\117\335\165\131\121\150\174\276\136\246\000\040\000L\000o\000R\000A\000\040\122\006\145\057}{section.5}% 28
\BOOKMARK [2][-]{subsection.5.5}{\376\377\000Q\000L\000o\000R\000A\000\040\213\364\146\016\116\206\040\034\146\076\133\130\230\204\173\227\040\035\147\054\216\253\134\061\146\057\136\372\152\041\176\246\147\137}{section.5}% 29
\BOOKMARK [2][-]{subsection.5.6}{\376\377\147\054\172\340\134\017\176\323}{section.5}% 30
\BOOKMARK [1][-]{section.6}{\376\377\140\073\176\323\116\016\136\366\117\070}{}% 31
