\BOOKMARK [1][-]{section*.2}{\376\377\116\244\116\330\213\364\146\016}{}% 1
\BOOKMARK [1][-]{section*.3}{\376\377\213\376\172\013\166\356\137\125\116\016\147\145\156\220\162\266\140\001}{}% 2
\BOOKMARK [1][-]{section*.4}{\376\377\147\054\116\146\176\323\147\204}{}% 3
\BOOKMARK [1][-]{section.1}{\376\377\0000\0001\000\040\213\376\172\013\121\150\146\157\116\016\000\040\000t\000o\000k\000e\000n\000i\000z\000a\000t\000i\000o\000n}{}% 4
\BOOKMARK [1][-]{section.2}{\376\377\0000\0002\000\040\000P\000y\000T\000o\000r\000c\000h\060\001\000e\000i\000n\000o\000p\000s\000\040\116\016\215\104\156\220\150\070\173\227}{}% 5
\BOOKMARK [1][-]{section.3}{\376\377\0000\0003\000\040\163\260\116\343\000\040\000T\000r\000a\000n\000s\000f\000o\000r\000m\000e\000r\000\040\000a\000r\000c\000h\000i\000t\000e\000c\000t\000u\000r\000e\000\040\116\016\000\040\000h\000y\000p\000e\000r\000p\000a\000r\000a\000m\000e\000t\000e\000r\000s}{}% 6
\BOOKMARK [1][-]{section.4}{\376\377\0000\0004\000\040\000A\000t\000t\000e\000n\000t\000i\000o\000n\000\040\000a\000l\000t\000e\000r\000n\000a\000t\000i\000v\000e\000s\000\040\116\016\000\040\000M\000i\000x\000t\000u\000r\000e\000\040\000o\000f\000\040\000E\000x\000p\000e\000r\000t\000s}{}% 7
\BOOKMARK [1][-]{section.5}{\376\377\0000\0005\000\040\000G\000P\000U\000/\000T\000P\000U\000\040\170\154\116\366\152\041\127\213}{}% 8
\BOOKMARK [1][-]{section.6}{\376\377\0000\0006\000\040\000K\000e\000r\000n\000e\000l\060\001\000T\000r\000i\000t\000o\000n\000\040\116\016\000\040\000X\000L\000A}{}% 9
\BOOKMARK [1][-]{section.7}{\376\377\0000\0007\000\040\131\032\000\040\000G\000P\000U\000\040\136\166\210\114\127\372\170\100}{}% 10
\BOOKMARK [1][-]{section.8}{\376\377\0000\0008\000\040\163\260\116\343\213\255\176\303\136\166\210\114\150\010}{}% 11
\BOOKMARK [1][-]{section.9}{\376\377\0000\0009\000\040\000S\000c\000a\000l\000i\000n\000g\000\040\000l\000a\000w\000s\000\040\127\372\170\100}{}% 12
\BOOKMARK [1][-]{section.10}{\376\377\0001\0000\000\040\143\250\164\006\174\373\176\337\116\016\000\040\000d\000e\000c\000o\000d\000i\000n\000g}{}% 13
\BOOKMARK [1][-]{section.11}{\376\377\0001\0001\000\040\000S\000c\000a\000l\000i\000n\000g\000\040\000l\000a\000w\000s\000\040\217\333\226\066\116\016\133\236\215\365}{}% 14
\BOOKMARK [1][-]{section.12}{\376\377\0001\0002\000\040\000E\000v\000a\000l\000u\000a\000t\000i\000o\000n\000\040\145\271\154\325\213\272}{}% 15
\BOOKMARK [1][-]{section.13}{\376\377\0001\0003\000\040\230\204\213\255\176\303\145\160\143\156\377\032\147\145\156\220\116\016\145\160\143\156\226\306}{}% 16
\BOOKMARK [1][-]{section.14}{\376\377\0001\0004\000\040\145\160\143\156\217\307\156\344\060\001\123\273\221\315\060\001\155\367\124\010\116\016\124\010\142\020\145\160\143\156}{}% 17
\BOOKMARK [1][-]{section.15}{\376\377\0001\0005\000\040\000M\000i\000d\000/\000P\000o\000s\000t\000-\000t\000r\000a\000i\000n\000i\000n\000g\377\032\000S\000F\000T\000\040\116\016\000\040\000R\000L\000H\000F}{}% 18
\BOOKMARK [1][-]{section.16}{\376\377\0001\0006\000\040\000R\000L\000V\000R\377\032\123\357\232\214\213\301\131\126\122\261\137\072\123\026\133\146\116\140}{}% 19
\BOOKMARK [1][-]{section.17}{\376\377\0001\0007\000\040\000A\000l\000i\000g\000n\000m\000e\000n\000t\000\040\116\016\000\040\000m\000u\000l\000t\000i\000m\000o\000d\000a\000l\000i\000t\000y}{}% 20
\BOOKMARK [1][-]{section.18}{\376\377\0001\0008\000\040\000G\000u\000e\000s\000t\000\040\000L\000e\000c\000t\000u\000r\000e\000:\000\040\000D\000a\000n\000\040\000F\000u\000\040\116\016\143\250\164\006\137\025\144\316\170\024\172\166}{}% 21
\BOOKMARK [1][-]{appendix.A}{\376\377\215\104\145\231\177\072\123\343\213\364\146\016}{}% 22
