\BOOKMARK [1][-]{section.1}{\376\377\116\072\116\300\116\110\000\040\000S\000F\000T\000\040\116\113\124\016\217\330\227\000\211\201\000\040\000P\000r\000e\000f\000e\000r\000e\000n\000c\000e\000\040\000T\000u\000n\000i\000n\000g}{}% 1
\BOOKMARK [2][-]{subsection.1.1}{\376\377\000S\000F\000T\000\040\200\375\145\131\152\041\127\213\210\114\116\072\377\014\117\106\116\015\116\000\133\232\200\375\172\063\133\232\154\350\121\145\040\034\215\037\117\341\123\367\040\035}{section.1}% 2
\BOOKMARK [2][-]{subsection.1.2}{\376\377\116\072\116\300\116\110\120\117\131\175\145\160\143\156\137\200\137\200\153\324\000\040\000S\000F\000T\000\040\145\160\143\156\146\364\133\271\146\023\145\066\226\306}{section.1}% 3
\BOOKMARK [2][-]{subsection.1.3}{\376\377\147\054\172\340\134\017\176\323}{section.1}% 4
\BOOKMARK [1][-]{section.2}{\376\377\120\117\131\175\145\160\143\156\377\032\131\202\117\125\142\212\040\034\146\364\131\175\040\035\123\330\142\020\123\357\213\255\176\303\166\204\166\321\167\143}{}% 5
\BOOKMARK [2][-]{subsection.2.1}{\376\377\000P\000o\000i\000n\000t\000w\000i\000s\000e\060\001\000p\000a\000i\000r\000w\000i\000s\000e\060\001\000l\000i\000s\000t\000w\000i\000s\000e\000\040\116\011\171\315\211\306\211\322}{section.2}% 6
\BOOKMARK [2][-]{subsection.2.2}{\376\377\213\376\172\013\176\331\121\372\166\204\000\040\000p\000a\000i\000r\000w\000i\000s\000e\000\040\145\160\143\156\221\307\226\306\000\040\000r\000e\000c\000i\000p\000e}{section.2}% 7
\BOOKMARK [2][-]{subsection.2.3}{\376\377\000B\000r\000a\000d\000l\000e\000y\040\023\000T\000e\000r\000r\000y\000\040\211\306\211\322\377\032\142\212\040\034\146\364\131\175\040\035\121\231\142\020\151\202\163\207}{section.2}% 8
\BOOKMARK [2][-]{subsection.2.4}{\376\377\147\054\172\340\134\017\176\323}{section.2}% 9
\BOOKMARK [1][-]{section.3}{\376\377\000R\000L\000H\000F\377\032\121\110\133\146\131\126\122\261\152\041\127\213\377\014\121\215\165\050\137\072\123\026\133\146\116\140\133\371\237\120\173\126\165\145}{}% 10
\BOOKMARK [2][-]{subsection.3.1}{\376\377\000R\000L\000H\000F\000\040\166\204\116\044\226\066\153\265\176\323\147\204}{section.3}% 11
\BOOKMARK [2][-]{subsection.3.2}{\376\377\131\126\122\261\152\041\127\213\133\146\122\060\166\204\146\057\040\034\131\175\127\117\122\044\122\053\126\150\040\035}{section.3}% 12
\BOOKMARK [2][-]{subsection.3.3}{\376\377\142\212\000\040\000L\000L\000M\000\040\121\231\217\333\000\040\000R\000L\000\040\150\106\147\266}{section.3}% 13
\BOOKMARK [2][-]{subsection.3.4}{\376\377\147\054\172\340\134\017\176\323}{section.3}% 14
\BOOKMARK [1][-]{section.4}{\376\377\000P\000P\000O\060\001\143\021\142\030\116\016\000\040\000B\000e\000s\000t\000-\000o\000f\000-\000N\377\032\137\123\000\040\000R\000L\000\040\167\037\153\143\204\075\127\060\145\366\117\032\220\107\122\060\116\300\116\110}{}% 15
\BOOKMARK [2][-]{subsection.4.1}{\376\377\000P\000P\000O\000\040\166\204\166\364\211\311\377\032\145\342\217\375\131\126\122\261\377\014\123\310\122\053\120\117\171\273\127\372\136\247\131\052\217\334}{section.4}% 16
\BOOKMARK [2][-]{subsection.4.2}{\376\377\117\030\122\277\121\375\145\160\116\072\116\300\116\110\221\315\211\201}{section.4}% 17
\BOOKMARK [2][-]{subsection.4.3}{\376\377\000P\000P\000O\000\040\116\072\116\300\116\110\127\050\135\345\172\013\116\012\137\210\221\315}{section.4}% 18
\BOOKMARK [2][-]{subsection.4.4}{\376\377\000B\000e\000s\000t\000-\000o\000f\000-\000N\377\032\131\202\147\234\116\015\120\132\000\040\000R\000L\377\014\217\330\200\375\140\016\150\067\122\051\165\050\131\126\122\261\152\041\127\213}{section.4}% 19
\BOOKMARK [2][-]{subsection.4.5}{\376\377\147\054\172\340\134\017\176\323}{section.4}% 20
\BOOKMARK [1][-]{section.5}{\376\377\000D\000P\000O\377\032\142\212\120\117\131\175\133\146\116\140\221\315\145\260\121\231\126\336\166\321\167\143\133\146\116\140}{}% 21
\BOOKMARK [2][-]{subsection.5.1}{\376\377\000D\000P\000O\000\040\166\204\121\372\123\321\160\271}{section.5}% 22
\BOOKMARK [2][-]{subsection.5.2}{\376\377\000D\000P\000O\000\040\143\137\131\061\127\050\117\030\123\026\116\300\116\110}{section.5}% 23
\BOOKMARK [2][-]{subsection.5.3}{\376\377\000D\000P\000O\000\040\116\016\000\040\000R\000L\000H\000F\000\040\166\204\123\326\202\015}{section.5}% 24
\BOOKMARK [2][-]{subsection.5.4}{\376\377\147\054\172\340\134\017\176\323}{section.5}% 25
\BOOKMARK [1][-]{section.6}{\376\377\140\073\176\323\116\016\136\366\117\070}{}% 26
