\BOOKMARK [1][-]{section.1}{\376\377\121\150\213\376\127\060\126\376\126\336\145\076\377\032\217\331\225\350\213\376\122\060\136\225\116\062\215\167\116\206\116\300\116\110}{}% 1
\BOOKMARK [2][-]{subsection.1.1}{\376\377\147\054\172\340\134\017\176\323}{section.1}% 2
\BOOKMARK [1][-]{section.2}{\376\377\000T\000r\000a\000n\000s\000f\000o\000r\000m\000e\000r\000\040\116\015\123\352\134\136\116\216\145\207\147\054\377\032\116\316\211\306\211\311\122\060\131\032\152\041\140\001}{}% 3
\BOOKMARK [2][-]{subsection.2.1}{\376\377\116\072\116\300\116\110\211\201\215\363\121\372\040\034\145\207\147\054\116\023\165\050\040\035\166\204\140\363\214\141}{section.2}% 4
\BOOKMARK [2][-]{subsection.2.2}{\376\377\000V\000i\000T\000\040\116\016\211\306\211\311\213\355\212\000\152\041\127\213\166\204\116\044\147\141\215\357\137\204}{section.2}% 5
\BOOKMARK [2][-]{subsection.2.3}{\376\377\147\054\172\340\134\017\176\323}{section.2}% 6
\BOOKMARK [1][-]{section.3}{\376\377\116\316\201\352\126\336\137\122\122\060\000\040\000D\000i\000f\000f\000u\000s\000i\000o\000n\377\032\145\207\147\054\165\037\142\020\146\057\124\046\137\305\230\173\220\020\000\040\000t\000o\000k\000e\000n\000\040\134\125\137\000}{}% 7
\BOOKMARK [2][-]{subsection.3.1}{\376\377\137\123\122\115\116\073\155\101\203\003\137\017\166\204\134\100\226\120}{section.3}% 8
\BOOKMARK [2][-]{subsection.3.2}{\376\377\121\110\116\316\126\376\120\317\000\040\000d\000i\000f\000f\000u\000s\000i\000o\000n\000\040\164\006\211\343\166\364\211\311}{section.3}% 9
\BOOKMARK [2][-]{subsection.3.3}{\376\377\145\207\147\054\116\055\166\204\000\040\000M\000a\000s\000k\000e\000d\000\040\000D\000i\000f\000f\000u\000s\000i\000o\000n\000\040\000M\000o\000d\000e\000l}{section.3}% 10
\BOOKMARK [2][-]{subsection.3.4}{\376\377\147\054\172\340\134\017\176\323}{section.3}% 11
\BOOKMARK [1][-]{section.4}{\376\377\0002\0000\0002\0005\000\040\166\204\121\340\147\141\131\047\215\213\122\277\377\032\215\350\152\041\140\001\120\037\222\164\060\001\145\110\163\207\117\030\121\110\116\016\170\154\116\366\126\336\137\122}{}% 12
\BOOKMARK [2][-]{subsection.4.1}{\376\377\215\350\152\041\140\001\000\040\000i\000d\000e\000a\000s\000\040\153\143\127\050\116\222\166\370\155\101\122\250}{section.4}% 13
\BOOKMARK [2][-]{subsection.4.2}{\376\377\173\054\116\214\147\141\000\040\000P\000a\000r\000e\000t\000o\000\040\000f\000r\000o\000n\000t\000i\000e\000r\377\032\215\050\221\317\116\113\131\026\377\014\146\364\167\013\221\315\142\020\147\054}{section.4}% 14
\BOOKMARK [2][-]{subsection.4.3}{\376\377\170\154\116\366\221\315\145\260\217\333\121\145\123\331\116\213\116\055\137\303}{section.4}% 15
\BOOKMARK [2][-]{subsection.4.4}{\376\377\147\054\172\340\134\017\176\323}{section.4}% 16
\BOOKMARK [1][-]{section.5}{\376\377\000C\000l\000o\000s\000i\000n\000g\000\040\000T\000h\000o\000u\000g\000h\000t\000s\377\032\167\037\133\236\116\026\165\114\117\032\131\202\117\125\155\210\123\026\217\331\116\233\200\375\122\233}{}% 17
\BOOKMARK [2][-]{subsection.5.1}{\376\377\145\345\136\070\135\345\117\134\116\016\133\146\116\140\135\362\176\317\210\253\221\315\130\121}{section.5}% 18
\BOOKMARK [2][-]{subsection.5.2}{\376\377\000A\000g\000e\000n\000t\000\040\166\204\154\021\116\073\123\026\116\016\000\040\000O\000S\000-\000l\000e\000v\000e\000l\000\040\140\363\214\141}{section.5}% 19
\BOOKMARK [2][-]{subsection.5.3}{\376\377\116\315\147\052\211\343\121\263\166\204\225\177\147\037\226\276\230\230}{section.5}% 20
\BOOKMARK [2][-]{subsection.5.4}{\376\377\147\054\172\340\134\017\176\323}{section.5}% 21
\BOOKMARK [1][-]{section.6}{\376\377\140\073\176\323\116\016\136\366\117\070}{}% 22
