\BOOKMARK [1][-]{section.1}{\376\377\121\110\210\145\116\012\116\012\116\000\213\262\147\052\213\262\133\214\166\204\116\000\123\112\377\032\131\202\117\125\165\050\152\041\127\213\120\132\000\040\000p\000o\000l\000i\000c\000y\000\040\000o\000p\000t\000i\000m\000i\000z\000a\000t\000i\000o\000n}{}% 1
\BOOKMARK [2][-]{subsection.1.1}{\376\377\116\072\116\300\116\110\000\040\000i\000m\000a\000g\000i\000n\000e\000d\000\040\000r\000o\000l\000l\000o\000u\000t\000s\000\040\211\201\167\355\060\001\200\014\116\024\211\201\116\316\167\037\133\236\162\266\140\001\121\372\123\321}{section.1}% 2
\BOOKMARK [2][-]{subsection.1.2}{\376\377\116\300\116\110\145\366\120\031\136\224\213\345\200\003\206\121\000\040\000m\000o\000d\000e\000l\000-\000b\000a\000s\000e\000d\000\040\000R\000L}{section.1}% 3
\BOOKMARK [2][-]{subsection.1.3}{\376\377\147\054\172\340\134\017\176\323}{section.1}% 4
\BOOKMARK [1][-]{section.2}{\376\377\116\072\116\300\116\110\142\021\116\354\140\363\133\146\116\000\116\052\000\040\000g\000e\000n\000e\000r\000a\000l\000i\000s\000t\000\040\000p\000o\000l\000i\000c\000y}{}% 5
\BOOKMARK [2][-]{subsection.2.1}{\376\377\000m\000u\000l\000t\000i\000-\000t\000a\000s\000k\000\040\000R\000L\000\040\166\204\122\250\147\072\116\015\123\352\146\057\000\040\000`\000`\116\000\152\041\131\032\165\050\000'\000'}{section.2}% 6
\BOOKMARK [2][-]{subsection.2.2}{\376\377\000g\000e\000n\000e\000r\000a\000l\000i\000s\000t\000\040\137\200\137\200\153\324\000\040\000s\000p\000e\000c\000i\000a\000l\000i\000s\000t\000\040\146\364\172\063}{section.2}% 7
\BOOKMARK [2][-]{subsection.2.3}{\376\377\147\054\172\340\134\017\176\323}{section.2}% 8
\BOOKMARK [1][-]{section.3}{\376\377\131\202\117\125\142\212\000\040\000`\000`\116\373\122\241\000'\000'\000\040\121\231\217\333\000\040\000M\000D\000P}{}% 9
\BOOKMARK [2][-]{subsection.3.1}{\376\377\142\212\116\015\124\014\116\373\122\241\137\123\142\020\116\015\124\014\000\040\000M\000D\000P}{section.3}% 10
\BOOKMARK [2][-]{subsection.3.2}{\376\377\142\212\000\040\000t\000a\000s\000k\000\040\000i\000d\000e\000n\000t\000i\000f\000i\000e\000r\000\040\145\076\217\333\162\266\140\001\221\314}{section.3}% 11
\BOOKMARK [2][-]{subsection.3.3}{\376\377\147\054\172\340\134\017\176\323}{section.3}% 12
\BOOKMARK [1][-]{section.4}{\376\377\000t\000a\000s\000k\000\040\000c\000o\000n\000d\000i\000t\000i\000o\000n\000i\000n\000g\000\040\127\050\133\236\215\365\116\055\140\016\116\110\120\132}{}% 13
\BOOKMARK [2][-]{subsection.4.1}{\376\377\116\316\131\032\116\373\122\241\152\041\116\377\133\146\116\140\137\000\131\313}{section.4}% 14
\BOOKMARK [2][-]{subsection.4.2}{\376\377\116\373\122\241\150\007\213\306\123\357\116\345\146\057\000\040\000o\000n\000e\000-\000h\000o\000t\377\014\116\137\123\357\116\345\146\057\213\355\212\000\142\026\171\072\203\003}{section.4}% 15
\BOOKMARK [2][-]{subsection.4.3}{\376\377\131\032\116\373\122\241\173\227\154\325\123\352\146\057\127\050\123\125\116\373\122\241\173\227\154\325\131\026\121\215\143\245\116\000\116\052\147\141\116\366}{section.4}% 16
\BOOKMARK [2][-]{subsection.4.4}{\376\377\147\054\172\340\134\017\176\323}{section.4}% 17
\BOOKMARK [1][-]{section.5}{\376\377\215\350\116\373\122\241\121\161\116\253\145\160\143\156\377\032\116\316\000\040\000h\000i\000n\000d\000s\000i\000g\000h\000t\000\040\000r\000e\000l\000a\000b\000e\000l\000i\000n\000g\000\040\122\060\000\040\000g\000o\000a\000l\000-\000c\000o\000n\000d\000i\000t\000i\000o\000n\000e\000d\000\040\000R\000L}{}% 18
\BOOKMARK [2][-]{subsection.5.1}{\376\377\116\072\116\300\116\110\123\357\116\345\142\212\116\000\147\141\217\150\217\371\221\315\211\343\221\312\142\020\122\053\166\204\116\373\122\241}{section.5}% 19
\BOOKMARK [2][-]{subsection.5.2}{\376\377\000g\000o\000a\000l\000-\000c\000o\000n\000d\000i\000t\000i\000o\000n\000e\000d\000\040\000R\000L\000\040\146\057\147\000\201\352\161\066\166\204\000\040\000r\000e\000l\000a\000b\000e\000l\000i\000n\000g\000\040\127\072\146\157}{section.5}% 20
\BOOKMARK [2][-]{subsection.5.3}{\376\377\117\106\116\015\146\057\142\100\147\011\116\373\122\241\220\375\200\375\226\217\117\277\000\040\000r\000e\000l\000a\000b\000e\000l}{section.5}% 21
\BOOKMARK [2][-]{subsection.5.4}{\376\377\147\054\172\340\134\017\176\323}{section.5}% 22
\BOOKMARK [1][-]{section.6}{\376\377\140\073\176\323\116\016\136\366\117\070}{}% 23
