\BOOKMARK [1][-]{section.1}{\376\377\225\356\230\230\200\314\146\157\377\032\116\072\116\300\116\110\147\072\126\150\116\272\217\330\154\241\147\011\133\236\163\260\167\037\153\143\201\352\116\073\133\146\116\140}{}% 1
\BOOKMARK [2][-]{subsection.1.1}{\376\377\201\352\116\073\000\040\000R\000L\000\040\166\204\133\232\116\111}{section.1}% 2
\BOOKMARK [2][-]{subsection.1.2}{\376\377\213\304\116\367\143\007\150\007\116\137\226\217\116\113\145\071\123\330}{section.1}% 3
\BOOKMARK [2][-]{subsection.1.3}{\376\377\147\054\172\340\134\017\176\323}{section.1}% 4
\BOOKMARK [1][-]{section.2}{\376\377\225\177\145\366\172\013\201\352\116\073\133\146\116\140\166\204\226\276\160\271}{}% 5
\BOOKMARK [2][-]{subsection.2.1}{\376\377\116\072\116\300\116\110\173\200\123\125\127\060\142\212\000\040\000e\000p\000i\000s\000o\000d\000e\000\040\142\311\225\177\136\166\116\015\131\037}{section.2}% 6
\BOOKMARK [2][-]{subsection.2.2}{\376\377\116\072\117\125\000\040\000e\000p\000i\000s\000o\000d\000i\000c\000\040\000R\000L\000\040\200\375\135\345\117\134\377\014\200\014\000\040\000r\000e\000s\000e\000t\000-\000f\000r\000e\000e\000\040\000R\000L\000\040\146\364\226\276}{section.2}% 7
\BOOKMARK [2][-]{subsection.2.3}{\376\377\121\110\133\146\117\032\126\336\123\273\377\014\142\115\147\011\147\072\117\032\176\347\176\355\133\146\117\032\124\021\122\115}{section.2}% 8
\BOOKMARK [2][-]{subsection.2.4}{\376\377\147\054\172\340\134\017\176\323}{section.2}% 9
\BOOKMARK [1][-]{section.3}{\376\377\150\070\137\303\145\271\154\325\377\032\133\146\116\140\221\315\177\156\060\001\133\146\116\140\137\252\163\257\060\001\133\146\116\140\140\142\131\015}{}% 10
\BOOKMARK [2][-]{subsection.3.1}{\376\377\000F\000o\000r\000w\000a\000r\000d\000-\000B\000a\000c\000k\000w\000a\000r\000d\000\040\000R\000L}{section.3}% 11
\BOOKMARK [2][-]{subsection.3.2}{\376\377\116\316\040\034\126\336\122\060\215\167\160\271\040\035\122\060\040\034\126\336\122\060\116\023\133\266\162\266\140\001\040\035}{section.3}% 12
\BOOKMARK [2][-]{subsection.3.3}{\376\377\116\373\122\241\137\252\163\257\377\032\116\015\123\352\120\132\122\115\217\333\124\214\124\016\220\000}{section.3}% 13
\BOOKMARK [2][-]{subsection.3.4}{\376\377\147\054\172\340\134\017\176\323}{section.3}% 14
\BOOKMARK [1][-]{section.4}{\376\377\000S\000i\000n\000g\000l\000e\000-\000L\000i\000f\000e\000\040\000R\000L\377\032\220\350\177\162\145\366\116\137\211\201\127\050\123\125\153\041\165\037\124\175\221\314\220\002\136\224}{}% 15
\BOOKMARK [2][-]{subsection.4.1}{\376\377\225\356\230\230\213\276\133\232}{section.4}% 16
\BOOKMARK [2][-]{subsection.4.2}{\376\377\116\072\116\300\116\110\166\364\143\245\000\040\000t\000e\000s\000t\000-\000t\000i\000m\000e\000\040\000f\000i\000n\000e\000-\000t\000u\000n\000i\000n\000g\000\040\116\015\131\037}{section.4}% 17
\BOOKMARK [2][-]{subsection.4.3}{\376\377\116\044\116\052\146\364\147\011\122\115\146\157\166\204\145\271\124\021}{section.4}% 18
\BOOKMARK [2][-]{subsection.4.4}{\376\377\147\054\172\340\134\017\176\323}{section.4}% 19
\BOOKMARK [1][-]{section.5}{\376\377\140\073\176\323\116\016\136\366\117\070}{}% 20
