\BOOKMARK [1][-]{section.1}{\376\377\147\054\172\340\133\374\213\373}{}% 1
\BOOKMARK [2][-]{subsection.1.1}{\376\377\147\054\172\340\167\345\213\306\215\357\176\277}{section.1}% 2
\BOOKMARK [2][-]{subsection.1.2}{\376\377\176\323\147\204\126\376}{section.1}% 3
\BOOKMARK [1][-]{section.2}{\376\377\147\054\172\340\116\073\176\277}{}% 4
\BOOKMARK [2][-]{subsection.2.1}{\376\377\147\054\172\340\211\201\211\343\121\263\166\204\150\070\137\303\225\356\230\230}{section.2}% 5
\BOOKMARK [2][-]{subsection.2.2}{\376\377\116\316\147\072\122\066\122\060\215\104\156\220\215\046\147\054}{section.2}% 6
\BOOKMARK [2][-]{subsection.2.3}{\376\377\116\316\213\376\130\002\213\262\211\343\122\060\123\357\131\015\163\260\133\236\232\214}{section.2}% 7
\BOOKMARK [1][-]{section.3}{\376\377\147\057\213\355\060\001\173\046\123\367\116\016\225\356\230\230\217\271\165\114}{}% 8
\BOOKMARK [2][-]{subsection.3.1}{\376\377\121\163\225\056\213\315}{section.3}% 9
\BOOKMARK [1][-]{section.4}{\376\377\146\364\131\015\147\102\166\204\000\040\000s\000c\000a\000l\000i\000n\000g\000\040\225\356\230\230}{}% 10
\BOOKMARK [2][-]{subsection.4.1}{\376\377\116\072\116\300\116\110\211\201\213\250\213\272\000\040\146\364\131\015\147\102\166\204\000\040\000s\000c\000a\000l\000i\000n\000g\000\040\225\356\230\230}{section.4}% 11
\BOOKMARK [2][-]{subsection.4.2}{\376\377\146\364\131\015\147\102\166\204\000\040\000s\000c\000a\000l\000i\000n\000g\000\040\225\356\230\230\000\040\166\204\147\072\122\066}{section.4}% 12
\BOOKMARK [2][-]{subsection.4.3}{\376\377\146\364\131\015\147\102\166\204\000\040\000s\000c\000a\000l\000i\000n\000g\000\040\225\356\230\230\000\040\166\204\145\160\133\146\210\150\217\276}{section.4}% 13
\BOOKMARK [2][-]{subsection.4.4}{\376\377\116\316\000\040\146\364\131\015\147\102\166\204\000\040\000s\000c\000a\000l\000i\000n\000g\000\040\225\356\230\230\000\040\122\060\172\013\136\217}{section.4}% 14
\BOOKMARK [2][-]{subsection.4.5}{\376\377\217\271\165\114\147\141\116\366\116\016\136\070\211\301\213\357\211\343}{section.4}% 15
\BOOKMARK [2][-]{subsection.4.6}{\376\377\116\016\147\054\172\340\121\166\116\326\151\202\137\365\166\204\121\163\174\373}{section.4}% 16
\BOOKMARK [2][-]{subsection.4.7}{\376\377\140\016\150\067\150\300\232\214\000\040\146\364\131\015\147\102\166\204\000\040\000s\000c\000a\000l\000i\000n\000g\000\040\225\356\230\230}{section.4}% 17
\BOOKMARK [2][-]{subsection.4.8}{\376\377\136\070\211\301\155\367\155\306\377\032\146\364\131\015\147\102\166\204\000\040\000s\000c\000a\000l\000i\000n\000g\000\040\225\356\230\230}{section.4}% 18
\BOOKMARK [2][-]{subsection.4.9}{\376\377\146\364\131\015\147\102\166\204\000\040\000s\000c\000a\000l\000i\000n\000g\000\040\225\356\230\230\000\040\166\204\134\017\176\323}{section.4}% 19
\BOOKMARK [1][-]{section.5}{\376\377\145\160\143\156\123\327\226\120\116\016\221\315\131\015\145\160\143\156}{}% 20
\BOOKMARK [2][-]{subsection.5.1}{\376\377\116\072\116\300\116\110\211\201\213\250\213\272\000\040\145\160\143\156\123\327\226\120\116\016\221\315\131\015\145\160\143\156}{section.5}% 21
\BOOKMARK [2][-]{subsection.5.2}{\376\377\145\160\143\156\123\327\226\120\116\016\221\315\131\015\145\160\143\156\000\040\166\204\147\072\122\066}{section.5}% 22
\BOOKMARK [2][-]{subsection.5.3}{\376\377\145\160\143\156\123\327\226\120\116\016\221\315\131\015\145\160\143\156\000\040\166\204\145\160\133\146\210\150\217\276}{section.5}% 23
\BOOKMARK [2][-]{subsection.5.4}{\376\377\116\316\000\040\145\160\143\156\123\327\226\120\116\016\221\315\131\015\145\160\143\156\000\040\122\060\172\013\136\217}{section.5}% 24
\BOOKMARK [2][-]{subsection.5.5}{\376\377\217\271\165\114\147\141\116\366\116\016\136\070\211\301\213\357\211\343}{section.5}% 25
\BOOKMARK [2][-]{subsection.5.6}{\376\377\116\016\147\054\172\340\121\166\116\326\151\202\137\365\166\204\121\163\174\373}{section.5}% 26
\BOOKMARK [2][-]{subsection.5.7}{\376\377\140\016\150\067\150\300\232\214\000\040\145\160\143\156\123\327\226\120\116\016\221\315\131\015\145\160\143\156}{section.5}% 27
\BOOKMARK [2][-]{subsection.5.8}{\376\377\136\070\211\301\155\367\155\306\377\032\145\160\143\156\123\327\226\120\116\016\221\315\131\015\145\160\143\156}{section.5}% 28
\BOOKMARK [2][-]{subsection.5.9}{\376\377\145\160\143\156\123\327\226\120\116\016\221\315\131\015\145\160\143\156\000\040\166\204\134\017\176\323}{section.5}% 29
\BOOKMARK [1][-]{section.6}{\376\377\116\316\000\040\000l\000o\000s\000s\000\040\122\060\200\375\122\233\143\007\150\007}{}% 30
\BOOKMARK [2][-]{subsection.6.1}{\376\377\116\072\116\300\116\110\211\201\213\250\213\272\000\040\116\316\000\040\000l\000o\000s\000s\000\040\122\060\200\375\122\233\143\007\150\007}{section.6}% 31
\BOOKMARK [2][-]{subsection.6.2}{\376\377\116\316\000\040\000l\000o\000s\000s\000\040\122\060\200\375\122\233\143\007\150\007\000\040\166\204\147\072\122\066}{section.6}% 32
\BOOKMARK [2][-]{subsection.6.3}{\376\377\116\316\000\040\000l\000o\000s\000s\000\040\122\060\200\375\122\233\143\007\150\007\000\040\166\204\145\160\133\146\210\150\217\276}{section.6}% 33
\BOOKMARK [2][-]{subsection.6.4}{\376\377\116\316\000\040\116\316\000\040\000l\000o\000s\000s\000\040\122\060\200\375\122\233\143\007\150\007\000\040\122\060\172\013\136\217}{section.6}% 34
\BOOKMARK [2][-]{subsection.6.5}{\376\377\217\271\165\114\147\141\116\366\116\016\136\070\211\301\213\357\211\343}{section.6}% 35
\BOOKMARK [2][-]{subsection.6.6}{\376\377\116\016\147\054\172\340\121\166\116\326\151\202\137\365\166\204\121\163\174\373}{section.6}% 36
\BOOKMARK [2][-]{subsection.6.7}{\376\377\140\016\150\067\150\300\232\214\000\040\116\316\000\040\000l\000o\000s\000s\000\040\122\060\200\375\122\233\143\007\150\007}{section.6}% 37
\BOOKMARK [2][-]{subsection.6.8}{\376\377\136\070\211\301\155\367\155\306\377\032\116\316\000\040\000l\000o\000s\000s\000\040\122\060\200\375\122\233\143\007\150\007}{section.6}% 38
\BOOKMARK [2][-]{subsection.6.9}{\376\377\116\316\000\040\000l\000o\000s\000s\000\040\122\060\200\375\122\233\143\007\150\007\000\040\166\204\134\017\176\323}{section.6}% 39
\BOOKMARK [1][-]{section.7}{\376\377\176\374\124\010\213\250\213\272\377\032\116\316\134\100\220\350\147\072\122\066\122\060\133\214\145\164\174\373\176\337}{}% 40
\BOOKMARK [2][-]{subsection.7.1}{\376\377\146\364\131\015\147\102\166\204\000\040\000s\000c\000a\000l\000i\000n\000g\000\040\225\356\230\230\000\040\127\050\174\373\176\337\116\055\166\204\117\115\177\156}{section.7}% 41
\BOOKMARK [2][-]{subsection.7.2}{\376\377\145\160\143\156\123\327\226\120\116\016\221\315\131\015\145\160\143\156\000\040\127\050\174\373\176\337\116\055\166\204\117\115\177\156}{section.7}% 42
\BOOKMARK [2][-]{subsection.7.3}{\376\377\116\316\000\040\000l\000o\000s\000s\000\040\122\060\200\375\122\233\143\007\150\007\000\040\127\050\174\373\176\337\116\055\166\204\117\115\177\156}{section.7}% 43
\BOOKMARK [2][-]{subsection.7.4}{\376\377\142\212\147\054\172\340\167\345\213\306\165\050\116\216\213\373\213\272\145\207\124\214\131\015\163\260\133\236\232\214}{section.7}% 44
\BOOKMARK [1][-]{section.8}{\376\377\117\213\230\230\377\032\142\212\151\202\137\365\123\330\142\020\123\357\213\241\173\227\150\300\147\345}{}% 45
\BOOKMARK [2][-]{subsection.8.1}{\376\377\116\072\116\300\116\110\145\160\143\156\000\040\000p\000i\000p\000e\000l\000i\000n\000e\000\040\145\071\123\330\124\016\211\201\221\315\142\337\124\010\000\040\000s\000c\000a\000l\000i\000n\000g\000\040\000l\000a\000w}{section.8}% 46
\BOOKMARK [1][-]{section.9}{\376\377\133\236\232\214\213\276\213\241\377\032\116\316\134\017\117\213\133\120\122\060\123\357\131\015\163\260\176\323\213\272}{}% 47
\BOOKMARK [2][-]{subsection.9.1}{\376\377\147\000\134\017\217\223\121\145}{section.9}% 48
\BOOKMARK [2][-]{subsection.9.2}{\376\377\215\104\156\220\215\046\147\054}{section.9}% 49
\BOOKMARK [2][-]{subsection.9.3}{\376\377\123\125\123\330\221\317\155\210\207\215}{section.9}% 50
\BOOKMARK [2][-]{subsection.9.4}{\376\377\131\061\215\045\147\141\116\366}{section.9}% 51
\BOOKMARK [2][-]{subsection.9.5}{\376\377\213\260\137\125\116\016\142\245\124\112}{section.9}% 52
\BOOKMARK [2][-]{subsection.9.6}{\376\377\116\316\134\017\133\236\232\214\122\060\131\047\176\323\213\272}{section.9}% 53
\BOOKMARK [1][-]{section.10}{\376\377\213\376\172\013\215\104\145\231\116\016\126\336\167\013\215\357\137\204}{}% 54
\BOOKMARK [2][-]{subsection.10.1}{\376\377\211\306\230\221\126\336\167\013\215\357\137\204}{section.10}% 55
\BOOKMARK [2][-]{subsection.10.2}{\376\377\213\376\172\013\215\104\145\231\226\005\213\373\215\357\137\204}{section.10}% 56
\BOOKMARK [1][-]{section.11}{\376\377\133\236\215\365\213\364\146\016\060\001\123\206\123\362\117\115\177\156\116\016\230\316\226\151}{}% 57
\BOOKMARK [1][-]{section.12}{\376\377\131\015\116\140\211\201\160\271}{}% 58
\BOOKMARK [2][-]{subsection.12.1}{\376\377\176\374\124\010\201\352\155\113}{section.12}% 59
\BOOKMARK [1][-]{section.13}{\376\377\140\073\176\323\116\016\136\366\117\070}{}% 60
\BOOKMARK [2][-]{subsection.13.1}{\376\377\147\054\172\340\134\017\176\323}{section.13}% 61
\BOOKMARK [2][-]{subsection.13.2}{\376\377\136\366\117\070\211\343\221\312}{section.13}% 62
\BOOKMARK [2][-]{subsection.13.3}{\376\377\176\303\116\140}{section.13}% 63
