\BOOKMARK [1][-]{section.1}{\376\377\137\000\127\072\377\032\116\316\171\273\176\277\000\040\000R\000L\000\040\217\307\156\041\122\060\131\126\122\261\133\146\116\140}{}% 1
\BOOKMARK [2][-]{subsection.1.1}{\376\377\147\054\213\262\127\050\213\376\172\013\116\055\166\204\117\115\177\156}{section.1}% 2
\BOOKMARK [2][-]{subsection.1.2}{\376\377\116\072\116\300\116\110\147\054\213\262\137\305\230\173\213\250\213\272\131\126\122\261}{section.1}% 3
\BOOKMARK [2][-]{subsection.1.3}{\376\377\147\054\172\340\134\017\176\323}{section.1}% 4
\BOOKMARK [1][-]{section.2}{\376\377\116\373\122\241\143\007\133\232\116\072\116\300\116\110\226\276}{}% 5
\BOOKMARK [2][-]{subsection.2.1}{\376\377\142\113\121\231\131\126\122\261\127\050\167\037\133\236\116\373\122\241\116\055\137\200\137\200\116\015\201\352\161\066}{section.2}% 6
\BOOKMARK [2][-]{subsection.2.2}{\376\377\000p\000r\000o\000x\000y\000\040\000r\000e\000w\000a\000r\000d\000\040\166\204\116\367\120\074\116\016\230\316\226\151}{section.2}% 7
\BOOKMARK [2][-]{subsection.2.3}{\376\377\147\054\172\340\134\017\176\323}{section.2}% 8
\BOOKMARK [1][-]{section.3}{\376\377\116\316\117\213\133\120\116\055\133\146\116\140\131\126\122\261\377\032\166\356\150\007\122\006\174\173\126\150}{}% 9
\BOOKMARK [2][-]{subsection.3.1}{\376\377\150\070\137\303\140\035\140\363\377\032\142\212\040\034\142\020\122\237\162\266\140\001\040\035\123\330\142\020\122\006\174\173\225\356\230\230}{section.3}% 10
\BOOKMARK [2][-]{subsection.3.2}{\376\377\116\072\116\300\116\110\133\203\153\324\176\257\152\041\116\377\146\364\160\165\155\073}{section.3}% 11
\BOOKMARK [2][-]{subsection.3.3}{\376\377\147\072\126\150\116\272\150\110\117\213\116\055\166\204\133\236\226\105\145\110\147\234}{section.3}% 12
\BOOKMARK [2][-]{subsection.3.4}{\376\377\147\054\172\340\134\017\176\323}{section.3}% 13
\BOOKMARK [1][-]{section.4}{\376\377\116\316\116\272\174\173\120\117\131\175\116\055\133\146\116\140\131\126\122\261}{}% 14
\BOOKMARK [2][-]{subsection.4.1}{\376\377\116\072\116\300\116\110\120\117\131\175\153\324\176\335\133\371\142\123\122\006\146\364\123\357\227\140}{section.4}% 15
\BOOKMARK [2][-]{subsection.4.2}{\376\377\000B\000r\000a\000d\000l\000e\000y\000-\000T\000e\000r\000r\000y\000\040\137\142\137\017\116\016\213\255\176\303\166\356\150\007}{section.4}% 16
\BOOKMARK [2][-]{subsection.4.3}{\376\377\120\117\131\175\145\160\143\156\116\072\116\300\116\110\116\315\161\066\137\210\226\276}{section.4}% 17
\BOOKMARK [2][-]{subsection.4.4}{\376\377\147\054\172\340\134\017\176\323}{section.4}% 18
\BOOKMARK [1][-]{section.5}{\376\377\227\142\124\021\000\040\000L\000L\000M\000\040\166\204\131\126\122\261\133\146\116\140\377\032\000R\000L\000H\000F\000\040\116\016\000\040\000R\000L\000A\000I\000F}{}% 19
\BOOKMARK [2][-]{subsection.5.1}{\376\377\000L\000L\000M\000\040\127\072\146\157\116\055\166\204\116\011\226\066\153\265\155\101\172\013}{section.5}% 20
\BOOKMARK [2][-]{subsection.5.2}{\376\377\116\072\116\300\116\110\211\201\122\240\000\040\000K\000L\000\040\176\246\147\137}{section.5}% 21
\BOOKMARK [2][-]{subsection.5.3}{\376\377\116\316\116\272\174\173\123\315\231\210\122\060\000\040\000A\000I\000\040\123\315\231\210}{section.5}% 22
\BOOKMARK [2][-]{subsection.5.4}{\376\377\147\054\172\340\134\017\176\323}{section.5}% 23
\BOOKMARK [1][-]{section.6}{\376\377\140\073\176\323\116\016\136\366\117\070}{}% 24
